14:34:26.704 d/Serial: TX: :r12=,⏎⏎
14:34:26.708 d/Serial: RX: :r12=46880.
14:34:26.708 d/Serial: TX: :w24=159676856524792,⏎⏎
14:34:26.712 d/Serial: RX: :ok
14:34:26.712 d/Serial: TX: :r11=,⏎⏎
14:34:26.716 d/Serial: RX: :r11=49645.
14:34:26.716 d/Serial: TX: :r12=,⏎⏎
14:34:26.720 d/Serial: RX: :r12=46878.
14:34:26.720 d/Serial: TX: :w24=159716775738922,⏎⏎
14:34:26.724 d/Serial: RX: :ok
14:34:26.724 d/Serial: TX: :r11=,⏎⏎
14:34:26.728 d/Serial: RX: :r11=49647.
14:34:26.728 d/Serial: TX: :r12=,⏎⏎
14:34:26.732 d/Serial: RX: :r12=46879.
14:34:26.732 d/Serial: TX: :w24=159756704932852,⏎⏎
14:34:26.736 d/Serial: RX: :ok
14:34:26.736 d/Serial: TX: :r11=,⏎⏎
14:34:26.740 d/Serial: RX: :r11=49648.
14:34:26.740 d/Serial: TX: :r12=,⏎⏎
14:34:26.744 d/Serial: RX: :r12=46879.
14:34:26.744 d/Serial: TX: :w24=159796644109092,⏎⏎
14:34:26.748 d/Serial: RX: :ok
14:34:26.748 d/Serial: TX: :r11=,⏎⏎
14:34:26.752 d/Serial: RX: :r11=49648.
14:34:26.752 d/Serial: TX: :r12=,⏎⏎
14:34:26.756 d/Serial: RX: :r12=46879.
14:34:26.756 d/Serial: TX: :w24=159836593270112,⏎⏎
14:34:26.760 d/Serial: RX: :ok
14:34:26.760 d/Serial: TX: :r11=,⏎⏎
14:34:26.764 d/Serial: RX: :r11=49650.
14:34:26.764 d/Serial: TX: :r12=,⏎⏎
14:34:26.768 d/Serial: RX: :r12=46879.
14:34:26.768 d/Serial: TX: :w24=159876552418432,⏎⏎
14:34:26.772 d/Serial: RX: :ok
14:34:26.772 d/Serial: TX: :r11=,⏎⏎
14:34:26.776 d/Serial: RX: :r11=49650.
14:34:26.776 d/Serial: TX: :r12=,⏎⏎
14:34:26.780 d/Serial: RX: :r12=46881.
14:34:26.780 d/Serial: TX: :w24=159916521556542,⏎⏎
14:34:26.784 d/Serial: RX: :ok
14:34:26.784 d/Serial: TX: :r11=,⏎⏎
14:34:26.788 d/Serial: RX: :r11=49658.
14:34:26.788 d/Serial: TX: :r12=,⏎⏎
14:34:26.793 d/Serial: RX: :r12=46881.
14:34:26.793 d/Serial: TX: :w24=159956500686932,⏎⏎
14:34:26.797 d/Serial: RX: :ok
14:34:26.797 d/Serial: TX: :r11=,⏎⏎
14:34:26.801 d/Serial: RX: :r11=49650.
14:34:26.801 d/Serial: TX: :r12=,⏎⏎
14:34:26.805 d/Serial: RX: :r12=46881.
14:34:26.805 d/Serial: TX: :w24=159996489812102,⏎⏎
14:34:26.809 d/Serial: RX: :ok
14:34:26.809 d/Serial: TX: :r11=,⏎⏎
14:34:26.813 d/Serial: RX: :r11=49650.
14:34:26.813 d/Serial: TX: :r12=,⏎⏎
14:34:26.817 d/Serial: RX: :r12=46878.
14:34:26.817 d/Serial: TX: :w24=160036488934552,⏎⏎
14:34:26.821 d/Serial: RX: :ok
14:34:26.821 d/Serial: TX: :r11=,⏎⏎
14:34:26.825 d/Serial: RX: :r11=49642.
14:34:26.825 d/Serial: TX: :r12=,⏎⏎
14:34:26.829 d/Serial: RX: :r12=46878.
14:34:26.829 d/Serial: TX: :w24=160076498056782,⏎⏎
14:34:26.833 d/Serial: RX: :ok
14:34:26.833 d/Serial: TX: :r11=,⏎⏎
14:34:26.837 d/Serial: RX: :r11=49647.
14:34:26.837 d/Serial: TX: :r12=,⏎⏎
14:34:26.841 d/Serial: RX: :r12=46880.
14:34:26.841 d/Serial: TX: :w24=160116517181302,⏎⏎
14:34:26.845 d/Serial: RX: :ok
14:34:26.845 d/Serial: TX: :r11=,⏎⏎
14:34:26.849 d/Serial: RX: :r11=49647.
14:34:26.849 d/Serial: TX: :r12=,⏎⏎
14:34:26.854 d/Serial: RX: :r12=46878.
14:34:26.855 d/Serial: TX: :w24=160156546310592,⏎⏎
14:34:26.859 d/Serial: RX: :ok
14:34:26.859 d/Serial: TX: :r11=,⏎⏎
14:34:26.863 d/Serial: RX: :r11=49661.
14:34:26.863 d/Serial: TX: :r12=,⏎⏎
14:34:26.867 d/Serial: RX: :r12=46878.
14:34:26.867 d/Serial: TX: :w24=160196585447172,⏎⏎
14:34:26.871 d/Serial: RX: :ok
14:34:26.871 d/Serial: TX: :r11=,⏎⏎
14:34:26.876 d/Serial: RX: :r11=49660.
14:34:26.876 d/Serial: TX: :r12=,⏎⏎
14:34:26.880 d/Serial: RX: :r12=46879.
14:34:26.881 d/Serial: TX: :w24=160236634593532,⏎⏎
14:34:26.885 d/Serial: RX: :ok
14:34:26.885 d/Serial: TX: :r11=,⏎⏎
14:34:26.890 d/Serial: RX: :r11=49656.
14:34:26.890 d/Serial: TX: :r12=,⏎⏎
14:34:26.894 d/Serial: RX: :r12=46880.
14:34:26.895 d/Serial: TX: :w24=160276693752182,⏎⏎
14:34:26.899 d/Serial: RX: :ok
14:34:26.899 d/Serial: TX: :r11=,⏎⏎
14:34:26.904 d/Serial: RX: :r11=49663.
14:34:26.904 d/Serial: TX: :r12=,⏎⏎
14:34:26.908 d/Serial: RX: :r12=46880.
14:34:26.909 d/Serial: TX: :w24=160316762925622,⏎⏎
14:34:26.913 d/Serial: RX: :ok
14:34:26.913 d/Serial: TX: :r11=,⏎⏎
14:34:26.917 d/Serial: RX: :r11=49656.
14:34:26.917 d/Serial: TX: :r12=,⏎⏎
14:34:26.921 d/Serial: RX: :r12=46880.
14:34:26.922 d/Serial: TX: :w24=160356842116352,⏎⏎
14:34:26.926 d/Serial: RX: :ok
14:34:26.926 d/Serial: TX: :r11=,⏎⏎
14:34:26.931 d/Serial: RX: :r11=49656.
14:34:26.931 d/Serial: TX: :r12=,⏎⏎
14:34:26.935 d/Serial: RX: :r12=46880.
14:34:26.936 d/Serial: TX: :w24=160396931326882,⏎⏎
14:34:26.940 d/Serial: RX: :ok
14:34:26.940 d/Serial: TX: :r11=,⏎⏎
14:34:26.945 d/Serial: RX: :r11=49670.
14:34:26.945 d/Serial: TX: :r12=,⏎⏎
14:34:26.949 d/Serial: RX: :r12=46881.
14:34:26.949 d/Serial: TX: :w24=160437030559712,⏎⏎
14:34:26.953 d/Serial: RX: :ok
14:34:26.953 d/Serial: TX: :r11=,⏎⏎
14:34:26.957 d/Serial: RX: :r11=49674.
14:34:26.957 d/Serial: TX: :r12=,⏎⏎
14:34:26.961 d/Serial: RX: :r12=46881.
14:34:26.962 d/Serial: TX: :w24=160477139817352,⏎⏎
14:34:26.966 d/Serial: RX: :ok
14:34:26.966 d/Serial: TX: :r11=,⏎⏎
14:34:26.970 d/Serial: RX: :r11=49672.
14:34:26.970 d/Serial: TX: :r12=,⏎⏎
14:34:26.974 d/Serial: RX: :r12=46881.
14:34:26.974 d/Serial: TX: :w24=160517259102312,⏎⏎
14:34:26.978 d/Serial: RX: :ok
14:34:26.978 d/Serial: TX: :r11=,⏎⏎
14:34:26.982 d/Serial: RX: :r11=49676.
14:34:26.982 d/Serial: TX: :r12=,⏎⏎
14:34:26.986 d/Serial: RX: :r12=46883.
14:34:26.986 d/Serial: TX: :w24=160557388417082,⏎⏎
14:34:26.990 d/Serial: RX: :ok
14:34:26.990 d/Serial: TX: :r11=,⏎⏎
14:34:26.994 d/Serial: RX: :r11=49676.
14:34:26.994 d/Serial: TX: :r12=,⏎⏎
14:34:26.998 d/Serial: RX: :r12=46885.
14:34:26.998 d/Serial: TX: :w24=160597527764192,⏎⏎
14:34:27.002 d/Serial: RX: :ok
14:34:27.002 d/Serial: TX: :r11=,⏎⏎
14:34:27.006 d/Serial: RX: :r11=49669.
14:34:27.006 d/Serial: TX: :r12=,⏎⏎
14:34:27.010 d/Serial: RX: :r12=46885.
14:34:27.010 d/Serial: TX: :w24=160637677146132,⏎⏎
14:34:27.014 d/Serial: RX: :ok
14:34:27.014 d/Serial: TX: :r11=,⏎⏎
14:34:27.018 d/Serial: RX: :r11=49669.
14:34:27.018 d/Serial: TX: :r12=,⏎⏎
14:34:27.022 d/Serial: RX: :r12=46882.
14:34:27.022 d/Serial: TX: :w24=160677836565412,⏎⏎
14:34:27.026 d/Serial: RX: :ok
14:34:27.026 d/Serial: TX: :r11=,⏎⏎
14:34:27.030 d/Serial: RX: :r11=49668.
14:34:27.030 d/Serial: TX: :r12=,⏎⏎
14:34:27.034 d/Serial: RX: :r12=46884.
14:34:27.034 d/Serial: TX: :w24=160718006024552,⏎⏎
14:34:27.038 d/Serial: RX: :ok
14:34:27.038 d/Serial: TX: :r11=,⏎⏎
14:34:27.042 d/Serial: RX: :r11=49672.
14:34:27.042 d/Serial: TX: :r12=,⏎⏎
14:34:27.046 d/Serial: RX: :r12=46885.
14:34:27.046 d/Serial: TX: :w24=160758185526062,⏎⏎
14:34:27.050 d/Serial: RX: :ok
14:34:27.050 d/Serial: TX: :r11=,⏎⏎
14:34:27.054 d/Serial: RX: :r11=49672.
14:34:27.054 d/Serial: TX: :r12=,⏎⏎
14:34:27.058 d/Serial: RX: :r12=46888.
14:34:27.058 d/Serial: TX: :w24=160798375072442,⏎⏎
14:34:27.062 d/Serial: RX: :ok
14:34:27.062 d/Serial: TX: :r11=,⏎⏎
14:34:27.066 d/Serial: RX: :r11=49677.
14:34:27.066 d/Serial: TX: :r12=,⏎⏎
14:34:27.070 d/Serial: RX: :r12=46888.
14:34:27.070 d/Serial: TX: :w24=160838574666212,⏎⏎
14:34:27.074 d/Serial: RX: :ok
14:34:27.074 d/Serial: TX: :r11=,⏎⏎
14:34:27.078 d/Serial: RX: :r11=49677.
14:34:27.078 d/Serial: TX: :r12=,⏎⏎
14:34:27.082 d/Serial: RX: :r12=46885.
14:34:27.082 d/Serial: TX: :w24=160878784309882,⏎⏎
14:34:27.086 d/Serial: RX: :ok
14:34:27.086 d/Serial: TX: :r11=,⏎⏎
14:34:27.090 d/Serial: RX: :r11=49677.
14:34:27.090 d/Serial: TX: :r12=,⏎⏎
14:34:27.094 d/Serial: RX: :r12=46885.
14:34:27.094 d/Serial: TX: :w24=160919004005952,⏎⏎
14:34:27.098 d/Serial: RX: :ok
14:34:27.098 d/Serial: TX: :r11=,⏎⏎
14:34:27.102 d/Serial: RX: :r11=49682.
14:34:27.102 d/Serial: TX: :r12=,⏎⏎
14:34:27.106 d/Serial: RX: :r12=46888.
14:34:27.106 d/Serial: TX: :w24=160959233756962,⏎⏎
14:34:27.110 d/Serial: RX: :ok
14:34:27.110 d/Serial: TX: :r11=,⏎⏎
14:34:27.114 d/Serial: RX: :r11=49682.
14:34:27.114 d/Serial: TX: :r12=,⏎⏎
14:34:27.118 d/Serial: RX: :r12=46889.
14:34:27.118 d/Serial: TX: :w24=160999473565402,⏎⏎
14:34:27.122 d/Serial: RX: :ok
14:34:27.122 d/Serial: TX: :r11=,⏎⏎
14:34:27.126 d/Serial: RX: :r11=49686.
14:34:27.126 d/Serial: TX: :r12=,⏎⏎
14:34:27.130 d/Serial: RX: :r12=46890.
14:34:27.130 d/Serial: TX: :w24=161039723433792,⏎⏎
14:34:27.134 d/Serial: RX: :ok
14:34:27.134 d/Serial: TX: :r11=,⏎⏎
14:34:27.138 d/Serial: RX: :r11=49686.
14:34:27.138 d/Serial: TX: :r12=,⏎⏎
14:34:27.142 d/Serial: RX: :r12=46888.
14:34:27.142 d/Serial: TX: :w24=161079983364652,⏎⏎
14:34:27.146 d/Serial: RX: :ok
14:34:27.146 d/Serial: TX: :r11=,⏎⏎
14:34:27.150 d/Serial: RX: :r11=49670.
14:34:27.150 d/Serial: TX: :r12=,⏎⏎
14:34:27.155 d/Serial: RX: :r12=46888.
14:34:27.155 d/Serial: TX: :w24=161120253360492,⏎⏎
14:34:27.159 d/Serial: RX: :ok
14:34:27.159 d/Serial: TX: :r11=,⏎⏎
14:34:27.163 d/Serial: RX: :r11=49680.
14:34:27.163 d/Serial: TX: :r12=,⏎⏎
14:34:27.167 d/Serial: RX: :r12=46890.
14:34:27.167 d/Serial: TX: :w24=161160533423832,⏎⏎
14:34:27.171 d/Serial: RX: :ok
14:34:27.171 d/Serial: TX: :r11=,⏎⏎
14:34:27.175 d/Serial: RX: :r11=49679.
14:34:27.175 d/Serial: TX: :r12=,⏎⏎
14:34:27.180 d/Serial: RX: :r12=46891.
14:34:27.181 d/Serial: TX: :w24=161200823557182,⏎⏎
14:34:27.185 d/Serial: RX: :ok
14:34:27.185 d/Serial: TX: :r11=,⏎⏎
14:34:27.189 d/Serial: RX: :r11=49686.
14:34:27.189 d/Serial: TX: :r12=,⏎⏎
14:34:27.193 d/Serial: RX: :r12=46891.
14:34:27.193 d/Serial: TX: :w24=161241123763072,⏎⏎
14:34:27.197 d/Serial: RX: :ok
14:34:27.197 d/Serial: TX: :r11=,⏎⏎
14:34:27.201 d/Serial: RX: :r11=49686.
14:34:27.201 d/Serial: TX: :r12=,⏎⏎
14:34:27.205 d/Serial: RX: :r12=46896.
14:34:27.205 d/Serial: TX: :w24=161281434044012,⏎⏎
14:34:27.209 d/Serial: RX: :ok
14:34:27.209 d/Serial: TX: :r11=,⏎⏎
14:34:27.213 d/Serial: RX: :r11=49685.
14:34:27.213 d/Serial: TX: :r12=,⏎⏎
14:34:27.217 d/Serial: RX: :r12=46897.
14:34:27.217 d/Serial: TX: :w24=161321754402522,⏎⏎
14:34:27.222 d/Serial: RX: :ok
14:34:27.222 d/Serial: TX: :r11=,⏎⏎
14:34:27.226 d/Serial: RX: :r11=49685.
14:34:27.226 d/Serial: TX: :r12=,⏎⏎
14:34:27.230 d/Serial: RX: :r12=46897.
14:34:27.230 d/Serial: TX: :w24=161362084841122,⏎⏎
14:34:27.234 d/Serial: RX: :ok
14:34:27.234 d/Serial: TX: :r11=,⏎⏎
14:34:27.238 d/Serial: RX: :r11=49693.
14:34:27.238 d/Serial: TX: :r12=,⏎⏎
14:34:27.242 d/Serial: RX: :r12=46898.
14:34:27.242 d/Serial: TX: :w24=161402425362332,⏎⏎
14:34:27.246 d/Serial: RX: :ok
14:34:27.246 d/Serial: TX: :r11=,⏎⏎
14:34:27.250 d/Serial: RX: :r11=49686.
14:34:27.250 d/Serial: TX: :r12=,⏎⏎
14:34:27.255 d/Serial: RX: :r12=46896.
14:34:27.255 d/Serial: TX: :w24=161442775968672,⏎⏎
14:34:27.259 d/Serial: RX: :ok
14:34:27.259 d/Serial: TX: :r11=,⏎⏎
14:34:27.263 d/Serial: RX: :r11=49685.
14:34:27.263 d/Serial: TX: :r12=,⏎⏎
14:34:27.267 d/Serial: RX: :r12=46897.
14:34:27.267 d/Serial: TX: :w24=161483136662672,⏎⏎
14:34:27.271 d/Serial: RX: :ok
14:34:27.271 d/Serial: TX: :r11=,⏎⏎
14:34:27.275 d/Serial: RX: :r11=49694.
14:34:27.275 d/Serial: TX: :r12=,⏎⏎
14:34:27.279 d/Serial: RX: :r12=46899.
14:34:27.279 d/Serial: TX: :w24=161523507446832,⏎⏎
14:34:27.283 d/Serial: RX: :ok
14:34:27.283 d/Serial: TX: :r11=,⏎⏎
14:34:27.287 d/Serial: RX: :r11=49695.
14:34:27.287 d/Serial: TX: :r12=,⏎⏎
14:34:27.291 d/Serial: RX: :r12=46899.
14:34:27.291 d/Serial: TX: :w24=161563888323692,⏎⏎
14:34:27.295 d/Serial: RX: :ok
14:34:27.295 d/Serial: TX: :r11=,⏎⏎
14:34:27.299 d/Serial: RX: :r11=49695.
14:34:27.299 d/Serial: TX: :r12=,⏎⏎
14:34:27.303 d/Serial: RX: :r12=46900.
14:34:27.303 d/Serial: TX: :w24=161604279295782,⏎⏎
14:34:27.307 d/Serial: RX: :ok
14:34:27.307 d/Serial: TX: :r11=,⏎⏎
14:34:27.311 d/Serial: RX: :r11=49692.
14:34:27.311 d/Serial: TX: :r12=,⏎⏎
14:34:27.315 d/Serial: RX: :r12=46901.
14:34:27.315 d/Serial: TX: :w24=161644680365602,⏎⏎
14:34:27.319 d/Serial: RX: :ok
14:34:27.319 d/Serial: TX: :r11=,⏎⏎
14:34:27.323 d/Serial: RX: :r11=49696.
14:34:27.323 d/Serial: TX: :r12=,⏎⏎
14:34:27.327 d/Serial: RX: :r12=46903.
14:34:27.328 d/Serial: TX: :w24=161685091535692,⏎⏎
14:34:27.332 d/Serial: RX: :ok
14:34:27.332 d/Serial: TX: :r11=,⏎⏎
14:34:27.336 d/Serial: RX: :r11=49696.
14:34:27.336 d/Serial: TX: :r12=,⏎⏎
14:34:27.340 d/Serial: RX: :r12=46906.
14:34:27.340 d/Serial: TX: :w24=161725512808572,⏎⏎
14:34:27.344 d/Serial: RX: :ok
14:34:27.344 d/Serial: TX: :r11=,⏎⏎
14:34:27.348 d/Serial: RX: :r11=49696.
14:34:27.348 d/Serial: TX: :r12=,⏎⏎
14:34:27.352 d/Serial: RX: :r12=46907.
14:34:27.352 d/Serial: TX: :w24=161765944186782,⏎⏎
14:34:27.356 d/Serial: RX: :ok
14:34:27.356 d/Serial: TX: :r11=,⏎⏎
14:34:27.360 d/Serial: RX: :r11=49699.
14:34:27.360 d/Serial: TX: :r12=,⏎⏎
14:34:27.364 d/Serial: RX: :r12=46907.
14:34:27.364 d/Serial: TX: :w24=161806385672822,⏎⏎
14:34:27.368 d/Serial: RX: :ok
14:34:27.368 d/Serial: TX: :r11=,⏎⏎
14:34:27.372 d/Serial: RX: :r11=49700.
14:34:27.372 d/Serial: TX: :r12=,⏎⏎
14:34:27.376 d/Serial: RX: :r12=46907.
14:34:27.377 d/Serial: TX: :w24=161846837269242,⏎⏎
14:34:27.381 d/Serial: RX: :ok
14:34:27.381 d/Serial: TX: :r11=,⏎⏎
14:34:27.385 d/Serial: RX: :r11=49700.
14:34:27.385 d/Serial: TX: :r12=,⏎⏎
14:34:27.389 d/Serial: RX: :r12=46909.
14:34:27.389 d/Serial: TX: :w24=161887298978562,⏎⏎
14:34:27.394 d/Serial: RX: :ok
14:34:27.394 d/Serial: TX: :r11=,⏎⏎
14:34:27.398 d/Serial: RX: :r11=49698.
14:34:27.398 d/Serial: TX: :r12=,⏎⏎
14:34:27.407 d/Serial: RX: :r12=46909.
14:34:27.407 d/Serial: TX: :w24=161927770803302,⏎⏎
14:34:27.411 d/Serial: RX: :ok
14:34:27.411 d/Serial: TX: :r11=,⏎⏎
14:34:27.415 d/Serial: RX: :r11=49698.
14:34:27.415 d/Serial: TX: :r12=,⏎⏎
14:34:27.419 d/Serial: RX: :r12=46910.
14:34:27.419 d/Serial: TX: :w24=161968252746002,⏎⏎
14:34:27.423 d/Serial: RX: :ok
14:34:27.423 d/Serial: TX: :r11=,⏎⏎
14:34:27.427 d/Serial: RX: :r11=49698.
14:34:27.427 d/Serial: TX: :r12=,⏎⏎
14:34:27.431 d/Serial: RX: :r12=46912.
14:34:27.431 d/Serial: TX: :w24=162008744809192,⏎⏎
14:34:27.435 d/Serial: RX: :ok
14:34:27.435 d/Serial: TX: :r11=,⏎⏎
14:34:27.439 d/Serial: RX: :r11=49704.
14:34:27.439 d/Serial: TX: :r12=,⏎⏎
14:34:27.443 d/Serial: RX: :r12=46912.
14:34:27.444 d/Serial: TX: :w24=162049246995392,⏎⏎
14:34:27.448 d/Serial: RX: :ok
14:34:27.449 d/Serial: TX: :r11=,⏎⏎
14:34:27.453 d/Serial: RX: :r11=49701.
14:34:27.453 d/Serial: TX: :r12=,⏎⏎
14:34:27.458 d/Serial: RX: :r12=46915.
14:34:27.458 d/Serial: TX: :w24=162089759307142,⏎⏎
14:34:27.462 d/Serial: RX: :ok
14:34:27.462 d/Serial: TX: :r11=,⏎⏎
14:34:27.466 d/Serial: RX: :r11=49711.
14:34:27.466 d/Serial: TX: :r12=,⏎⏎
14:34:27.474 d/Serial: RX: :r12=46915.
14:34:27.475 d/Serial: TX: :w24=162130281746972,⏎⏎
14:34:27.479 d/Serial: RX: :ok
14:34:27.479 d/Serial: TX: :r11=,⏎⏎
14:34:27.483 d/Serial: RX: :r11=49705.
14:34:27.483 d/Serial: TX: :r12=,⏎⏎
14:34:27.487 d/Serial: RX: :r12=46913.
14:34:27.487 d/Serial: TX: :w24=162170814317412,⏎⏎
14:34:27.491 d/Serial: RX: :ok
14:34:27.491 d/Serial: TX: :r11=,⏎⏎
14:34:27.495 d/Serial: RX: :r11=49703.
14:34:27.495 d/Serial: TX: :r12=,⏎⏎
14:34:27.499 d/Serial: RX: :r12=46913.
14:34:27.499 d/Serial: TX: :w24=162211357020992,⏎⏎
14:34:27.503 d/Serial: RX: :ok
14:34:27.503 d/Serial: TX: :r11=,⏎⏎
14:34:27.507 d/Serial: RX: :r11=49706.
14:34:27.507 d/Serial: TX: :r12=,⏎⏎
14:34:27.511 d/Serial: RX: :r12=46914.
14:34:27.511 d/Serial: TX: :w24=162251909860242,⏎⏎
14:34:27.515 d/Serial: RX: :ok
14:34:27.515 d/Serial: TX: :r11=,⏎⏎
14:34:27.519 d/Serial: RX: :r11=49709.
14:34:27.519 d/Serial: TX: :r12=,⏎⏎
14:34:27.523 d/Serial: RX: :r12=46916.
14:34:27.523 d/Serial: TX: :w24=162292472837712,⏎⏎
14:34:27.527 d/Serial: RX: :ok
14:34:27.527 d/Serial: TX: :r11=,⏎⏎
14:34:27.531 d/Serial: RX: :r11=49709.
14:34:27.531 d/Serial: TX: :r12=,⏎⏎
14:34:27.535 d/Serial: RX: :r12=46916.
14:34:27.535 d/Serial: TX: :w24=162333045955912,⏎⏎
14:34:27.539 d/Serial: RX: :ok
14:34:27.539 d/Serial: TX: :r11=,⏎⏎
14:34:27.543 d/Serial: RX: :r11=49706.
14:34:27.543 d/Serial: TX: :r12=,⏎⏎
14:34:27.547 d/Serial: RX: :r12=46914.
14:34:27.547 d/Serial: TX: :w24=162373629217402,⏎⏎
14:34:27.551 d/Serial: RX: :ok
14:34:27.551 d/Serial: TX: :r11=,⏎⏎
14:34:27.556 d/Serial: RX: :r11=49704.
14:34:27.556 d/Serial: TX: :r12=,⏎⏎
14:34:27.560 d/Serial: RX: :r12=46916.
14:34:27.560 d/Serial: TX: :w24=162414222624712,⏎⏎
14:34:27.565 d/Serial: RX: :ok
14:34:27.565 d/Serial: TX: :r11=,⏎⏎
14:34:27.569 d/Serial: RX: :r11=49703.
14:34:27.569 d/Serial: TX: :r12=,⏎⏎
14:34:27.573 d/Serial: RX: :r12=46916.
14:34:27.573 d/Serial: TX: :w24=162454826180362,⏎⏎
14:34:27.577 d/Serial: RX: :ok
14:34:27.577 d/Serial: TX: :r11=,⏎⏎
14:34:27.581 d/Serial: RX: :r11=49706.
14:34:27.581 d/Serial: TX: :r12=,⏎⏎
14:34:27.585 d/Serial: RX: :r12=46917.
14:34:27.585 d/Serial: TX: :w24=162495439886912,⏎⏎
14:34:27.589 d/Serial: RX: :ok
14:34:27.589 d/Serial: TX: :r11=,⏎⏎
14:34:27.593 d/Serial: RX: :r11=49712.
14:34:27.593 d/Serial: TX: :r12=,⏎⏎
14:34:27.597 d/Serial: RX: :r12=46921.
14:34:27.597 d/Serial: TX: :w24=162536063746882,⏎⏎
14:34:27.601 d/Serial: RX: :ok
14:34:27.601 d/Serial: TX: :r11=,⏎⏎
14:34:27.605 d/Serial: RX: :r11=49712.
14:34:27.605 d/Serial: TX: :r12=,⏎⏎
14:34:27.611 d/Serial: RX: :r12=46923.
14:34:27.611 d/Serial: TX: :w24=162576697762822,⏎⏎
14:34:27.615 d/Serial: RX: :ok
14:34:27.615 d/Serial: TX: :r11=,⏎⏎
14:34:27.619 d/Serial: RX: :r11=49703.
14:34:27.619 d/Serial: TX: :r12=,⏎⏎
14:34:27.623 d/Serial: RX: :r12=46919.
14:34:27.623 d/Serial: TX: :w24=162617341937262,⏎⏎
14:34:27.627 d/Serial: RX: :ok
14:34:27.627 d/Serial: TX: :r11=,⏎⏎
14:34:27.631 d/Serial: RX: :r11=49705.
14:34:27.631 d/Serial: TX: :r12=,⏎⏎
14:34:27.635 d/Serial: RX: :r12=46919.
14:34:27.635 d/Serial: TX: :w24=162657996272742,⏎⏎
14:34:27.639 d/Serial: RX: :ok
14:34:27.639 d/Serial: TX: :r11=,⏎⏎
14:34:27.643 d/Serial: RX: :r11=49705.
14:34:27.643 d/Serial: TX: :r12=,⏎⏎
14:34:27.648 d/Serial: RX: :r12=46920.
14:34:27.648 d/Serial: TX: :w24=162698660771812,⏎⏎
14:34:27.653 d/Serial: RX: :ok
14:34:27.653 d/Serial: TX: :r11=,⏎⏎
14:34:27.657 d/Serial: RX: :r11=49709.
14:34:27.657 d/Serial: TX: :r12=,⏎⏎
14:34:27.661 d/Serial: RX: :r12=46922.
14:34:27.662 d/Serial: TX: :w24=162739335437002,⏎⏎
14:34:27.666 d/Serial: RX: :ok
14:34:27.666 d/Serial: TX: :r11=,⏎⏎
14:34:27.672 d/Serial: RX: :r11=49710.
14:34:27.673 d/Serial: TX: :r12=,⏎⏎
14:34:27.677 d/Serial: RX: :r12=46925.
14:34:27.678 d/Serial: TX: :w24=162780020270862,⏎⏎
14:34:27.682 d/Serial: RX: :ok
14:34:27.682 d/Serial: TX: :r11=,⏎⏎
14:34:27.686 d/Serial: RX: :r11=49716.
14:34:27.686 d/Serial: TX: :r12=,⏎⏎
14:34:27.691 d/Serial: RX: :r12=46925.
14:34:27.691 d/Serial: TX: :w24=162820715275932,⏎⏎
14:34:27.695 d/Serial: RX: :ok
14:34:27.695 d/Serial: TX: :r11=,⏎⏎
14:34:27.699 d/Serial: RX: :r11=49716.
14:34:27.699 d/Serial: TX: :r12=,⏎⏎
14:34:27.703 d/Serial: RX: :r12=46928.
14:34:27.703 d/Serial: TX: :w24=162861420454752,⏎⏎
14:34:27.708 d/Serial: RX: :ok
14:34:27.708 d/Serial: TX: :r11=,⏎⏎
14:34:27.712 d/Serial: RX: :r11=49710.
14:34:27.712 d/Serial: TX: :r12=,⏎⏎
14:34:27.716 d/Serial: RX: :r12=46926.
14:34:27.716 d/Serial: TX: :w24=162902135809862,⏎⏎
14:34:27.720 d/Serial: RX: :ok
14:34:27.720 d/Serial: TX: :r11=,⏎⏎
14:34:27.724 d/Serial: RX: :r11=49709.
14:34:27.724 d/Serial: TX: :r12=,⏎⏎
14:34:27.728 d/Serial: RX: :r12=46924.
14:34:27.728 d/Serial: TX: :w24=162942861343822,⏎⏎
14:34:27.733 d/Serial: RX: :ok
14:34:27.733 d/Serial: TX: :r11=,⏎⏎
14:34:27.737 d/Serial: RX: :r11=49707.
14:34:27.737 d/Serial: TX: :r12=,⏎⏎
14:34:27.741 d/Serial: RX: :r12=46925.
14:34:27.741 d/Serial: TX: :w24=162983597059152,⏎⏎
14:34:27.745 d/Serial: RX: :ok
14:34:27.745 d/Serial: TX: :r11=,⏎⏎
14:34:27.749 d/Serial: RX: :r11=49707.
14:34:27.749 d/Serial: TX: :r12=,⏎⏎
14:34:27.753 d/Serial: RX: :r12=46927.
14:34:27.753 d/Serial: TX: :w24=163024342958422,⏎⏎
14:34:27.757 d/Serial: RX: :ok
14:34:27.757 d/Serial: TX: :r11=,⏎⏎
14:34:27.761 d/Serial: RX: :r11=49715.
14:34:27.761 d/Serial: TX: :r12=,⏎⏎
14:34:27.765 d/Serial: RX: :r12=46928.
14:34:27.765 d/Serial: TX: :w24=163065099044162,⏎⏎
14:34:27.769 d/Serial: RX: :ok
14:34:27.769 d/Serial: TX: :r11=,⏎⏎
14:34:27.773 d/Serial: RX: :r11=49715.
14:34:27.773 d/Serial: TX: :r12=,⏎⏎
14:34:27.777 d/Serial: RX: :r12=46928.
14:34:27.777 d/Serial: TX: :w24=163105865318922,⏎⏎
14:34:27.781 d/Serial: RX: :ok
14:34:27.781 d/Serial: TX: :r11=,⏎⏎
14:34:27.790 d/Serial: RX: :r11=49719.
14:34:27.791 d/Serial: TX: :r12=,⏎⏎
14:34:27.795 d/Serial: RX: :r12=46933.
14:34:27.795 d/Serial: TX: :w24=163146641785252,⏎⏎
14:34:27.800 d/Serial: RX: :ok
14:34:27.800 d/Serial: TX: :r11=,⏎⏎
14:34:27.804 d/Serial: RX: :r11=49719.
14:34:27.804 d/Serial: TX: :r12=,⏎⏎
14:34:27.808 d/Serial: RX: :r12=46930.
14:34:27.808 d/Serial: TX: :w24=163187428445692,⏎⏎
14:34:27.812 d/Serial: RX: :ok
14:34:27.812 d/Serial: TX: :r11=,⏎⏎
14:34:27.816 d/Serial: RX: :r11=49714.
14:34:27.816 d/Serial: TX: :r12=,⏎⏎
14:34:27.820 d/Serial: RX: :r12=46931.
14:34:27.821 d/Serial: TX: :w24=163228225302802,⏎⏎
14:34:27.825 d/Serial: RX: :ok
14:34:27.825 d/Serial: TX: :r11=,⏎⏎
14:34:27.830 d/Serial: RX: :r11=49715.
14:34:27.830 d/Serial: TX: :r12=,⏎⏎
14:34:27.834 d/Serial: RX: :r12=46938.
14:34:27.834 d/Serial: TX: :w24=163269032359132,⏎⏎
14:34:27.838 d/Serial: RX: :ok
14:34:27.838 d/Serial: TX: :r11=,⏎⏎
14:34:27.842 d/Serial: RX: :r11=49723.
14:34:27.842 d/Serial: TX: :r12=,⏎⏎
14:34:27.846 d/Serial: RX: :r12=46938.
14:34:27.846 d/Serial: TX: :w24=163309849617222,⏎⏎
14:34:27.850 d/Serial: RX: :ok
14:34:27.850 d/Serial: TX: :r11=,⏎⏎
14:34:27.854 d/Serial: RX: :r11=49722.
14:34:27.854 d/Serial: TX: :r12=,⏎⏎
14:34:27.858 d/Serial: RX: :r12=46936.
14:34:27.858 d/Serial: TX: :w24=163350677079622,⏎⏎
14:34:27.863 d/Serial: RX: :ok
14:34:27.863 d/Serial: TX: :r11=,⏎⏎
14:34:27.867 d/Serial: RX: :r11=49709.
14:34:27.867 d/Serial: TX: :r12=,⏎⏎
14:34:27.871 d/Serial: RX: :r12=46936.
14:34:27.872 d/Serial: TX: :w24=163391514748892,⏎⏎
14:34:27.876 d/Serial: RX: :ok
14:34:27.876 d/Serial: TX: :r11=,⏎⏎
14:34:27.880 d/Serial: RX: :r11=49718.
14:34:27.880 d/Serial: TX: :r12=,⏎⏎
14:34:27.884 d/Serial: RX: :r12=46939.
14:34:27.884 d/Serial: TX: :w24=163432362627582,⏎⏎
14:34:27.888 d/Serial: RX: :ok
14:34:27.888 d/Serial: TX: :r11=,⏎⏎
14:34:27.892 d/Serial: RX: :r11=49718.
14:34:27.892 d/Serial: TX: :r12=,⏎⏎
14:34:27.896 d/Serial: RX: :r12=46939.
14:34:27.896 d/Serial: TX: :w24=163473220718242,⏎⏎
14:34:27.900 d/Serial: RX: :ok
14:34:27.900 d/Serial: TX: :r11=,⏎⏎
14:34:27.904 d/Serial: RX: :r11=49733.
14:34:27.904 d/Serial: TX: :r12=,⏎⏎
14:34:27.908 d/Serial: RX: :r12=46943.
14:34:27.908 d/Serial: TX: :w24=163514089023422,⏎⏎
14:34:27.912 d/Serial: RX: :ok
14:34:27.912 d/Serial: TX: :r11=,⏎⏎
14:34:27.917 d/Serial: RX: :r11=49733.
14:34:27.917 d/Serial: TX: :r12=,⏎⏎
14:34:27.921 d/Serial: RX: :r12=46943.
14:34:27.921 d/Serial: TX: :w24=163554967545672,⏎⏎
14:34:27.925 d/Serial: RX: :ok
14:34:27.925 d/Serial: TX: :r11=,⏎⏎
14:34:27.929 d/Serial: RX: :r11=49726.
14:34:27.929 d/Serial: TX: :r12=,⏎⏎
14:34:27.933 d/Serial: RX: :r12=46943.
14:34:27.934 d/Serial: TX: :w24=163595856287562,⏎⏎
14:34:27.938 d/Serial: RX: :ok
14:34:27.938 d/Serial: TX: :r11=,⏎⏎
14:34:27.942 d/Serial: RX: :r11=49723.
14:34:27.942 d/Serial: TX: :r12=,⏎⏎
14:34:27.947 d/Serial: RX: :r12=46943.
14:34:27.948 d/Serial: TX: :w24=163636755251632,⏎⏎
14:34:27.952 d/Serial: RX: :ok
14:34:27.952 d/Serial: TX: :r11=,⏎⏎
14:34:27.956 d/Serial: RX: :r11=49724.
14:34:27.956 d/Serial: TX: :r12=,⏎⏎
14:34:27.960 d/Serial: RX: :r12=46943.
14:34:27.960 d/Serial: TX: :w24=163677664440452,⏎⏎
14:34:27.964 d/Serial: RX: :ok
14:34:27.965 d/Serial: TX: :r11=,⏎⏎
14:34:27.969 d/Serial: RX: :r11=49718.
14:34:27.969 d/Serial: TX: :r12=,⏎⏎
14:34:27.973 d/Serial: RX: :r12=46944.
14:34:27.973 d/Serial: TX: :w24=163718583856562,⏎⏎
14:34:27.977 d/Serial: RX: :ok
14:34:27.977 d/Serial: TX: :r11=,⏎⏎
14:34:27.981 d/Serial: RX: :r11=49720.
14:34:27.981 d/Serial: TX: :r12=,⏎⏎
14:34:27.985 d/Serial: RX: :r12=46944.
14:34:27.985 d/Serial: TX: :w24=163759513502522,⏎⏎
14:34:27.989 d/Serial: RX: :ok
14:34:27.989 d/Serial: TX: :r11=,⏎⏎
14:34:27.993 d/Serial: RX: :r11=49718.
14:34:27.993 d/Serial: TX: :r12=,⏎⏎
14:34:27.997 d/Serial: RX: :r12=46946.
14:34:27.998 d/Serial: TX: :w24=163800453380902,⏎⏎
14:34:28.002 d/Serial: RX: :ok
14:34:28.002 d/Serial: TX: :r11=,⏎⏎
14:34:28.006 d/Serial: RX: :r11=49717.
14:34:28.006 d/Serial: TX: :r12=,⏎⏎
14:34:28.010 d/Serial: RX: :r12=46947.
14:34:28.010 d/Serial: TX: :w24=163841403494242,⏎⏎
14:34:28.014 d/Serial: RX: :ok
14:34:28.014 d/Serial: TX: :r11=,⏎⏎
14:34:28.018 d/Serial: RX: :r11=49723.
14:34:28.018 d/Serial: TX: :r12=,⏎⏎
14:34:28.023 d/Serial: RX: :r12=46947.
14:34:28.023 d/Serial: TX: :w24=163882363845112,⏎⏎
14:34:28.027 d/Serial: RX: :ok
14:34:28.027 d/Serial: TX: :r11=,⏎⏎
14:34:28.032 d/Serial: RX: :r11=49719.
14:34:28.032 d/Serial: TX: :r12=,⏎⏎
14:34:28.036 d/Serial: RX: :r12=46945.
14:34:28.037 d/Serial: TX: :w24=163923334436082,⏎⏎
14:34:28.041 d/Serial: RX: :ok
14:34:28.041 d/Serial: TX: :r11=,⏎⏎
14:34:28.045 d/Serial: RX: :r11=49715.
14:34:28.045 d/Serial: TX: :r12=,⏎⏎
14:34:28.049 d/Serial: RX: :r12=46946.
14:34:28.049 d/Serial: TX: :w24=163964315269682,⏎⏎
14:34:28.053 d/Serial: RX: :ok
14:34:28.053 d/Serial: TX: :r11=,⏎⏎
14:34:28.057 d/Serial: RX: :r11=49722.
14:34:28.057 d/Serial: TX: :r12=,⏎⏎
14:34:28.061 d/Serial: RX: :r12=46949.
14:34:28.062 d/Serial: TX: :w24=164005306348502,⏎⏎
14:34:28.066 d/Serial: RX: :ok
14:34:28.066 d/Serial: TX: :r11=,⏎⏎
14:34:28.070 d/Serial: RX: :r11=49722.
14:34:28.070 d/Serial: TX: :r12=,⏎⏎
14:34:28.074 d/Serial: RX: :r12=46948.
14:34:28.074 d/Serial: TX: :w24=164046307675092,⏎⏎
14:34:28.078 d/Serial: RX: :ok
14:34:28.078 d/Serial: TX: :r11=,⏎⏎
14:34:28.082 d/Serial: RX: :r11=49720.
14:34:28.082 d/Serial: TX: :r12=,⏎⏎
14:34:28.086 d/Serial: RX: :r12=46948.
14:34:28.086 d/Serial: TX: :w24=164087319252012,⏎⏎
14:34:28.090 d/Serial: RX: :ok
14:34:28.090 d/Serial: TX: :r11=,⏎⏎
14:34:28.094 d/Serial: RX: :r11=49721.
14:34:28.094 d/Serial: TX: :r12=,⏎⏎
14:34:28.098 d/Serial: RX: :r12=46949.
14:34:28.098 d/Serial: TX: :w24=164128341081822,⏎⏎
14:34:28.102 d/Serial: RX: :ok
14:34:28.102 d/Serial: TX: :r11=,⏎⏎
14:34:28.106 d/Serial: RX: :r11=49723.
14:34:28.106 d/Serial: TX: :r12=,⏎⏎
14:34:28.110 d/Serial: RX: :r12=46949.
14:34:28.110 d/Serial: TX: :w24=164169373167092,⏎⏎
14:34:28.114 d/Serial: RX: :ok
14:34:28.114 d/Serial: TX: :r11=,⏎⏎
14:34:28.118 d/Serial: RX: :r11=49720.
14:34:28.118 d/Serial: TX: :r12=,⏎⏎
14:34:28.122 d/Serial: RX: :r12=46949.
14:34:28.122 d/Serial: TX: :w24=164210415510382,⏎⏎
14:34:28.126 d/Serial: RX: :ok
14:34:28.126 d/Serial: TX: :r11=,⏎⏎
14:34:28.130 d/Serial: RX: :r11=49721.
14:34:28.130 d/Serial: TX: :r12=,⏎⏎
14:34:28.134 d/Serial: RX: :r12=46949.
14:34:28.134 d/Serial: TX: :w24=164251468114262,⏎⏎
14:34:28.138 d/Serial: RX: :ok
14:34:28.138 d/Serial: TX: :r11=,⏎⏎
14:34:28.142 d/Serial: RX: :r11=49723.
14:34:28.143 d/Serial: TX: :r12=,⏎⏎
14:34:28.147 d/Serial: RX: :r12=46952.
14:34:28.147 d/Serial: TX: :w24=164292530981292,⏎⏎
14:34:28.151 d/Serial: RX: :ok
14:34:28.151 d/Serial: TX: :r11=,⏎⏎
14:34:28.155 d/Serial: RX: :r11=49723.
14:34:28.155 d/Serial: TX: :r12=,⏎⏎
14:34:28.159 d/Serial: RX: :r12=46952.
14:34:28.159 d/Serial: TX: :w24=164333604114032,⏎⏎
14:34:28.163 d/Serial: RX: :ok
14:34:28.163 d/Serial: TX: :r11=,⏎⏎
14:34:28.168 d/Serial: RX: :r11=49723.
14:34:28.168 d/Serial: TX: :r12=,⏎⏎
14:34:28.172 d/Serial: RX: :r12=46953.
14:34:28.172 d/Serial: TX: :w24=164374687515062,⏎⏎
14:34:28.176 d/Serial: RX: :ok
14:34:28.176 d/Serial: TX: :r11=,⏎⏎
14:34:28.180 d/Serial: RX: :r11=49722.
14:34:28.180 d/Serial: TX: :r12=,⏎⏎
14:34:28.185 d/Serial: RX: :r12=46949.
14:34:28.186 d/Serial: TX: :w24=164415781186942,⏎⏎
14:34:28.190 d/Serial: RX: :ok
14:34:28.190 d/Serial: TX: :r11=,⏎⏎
14:34:28.194 d/Serial: RX: :r11=49722.
14:34:28.194 d/Serial: TX: :r12=,⏎⏎
14:34:28.199 d/Serial: RX: :r12=46952.
14:34:28.199 d/Serial: TX: :w24=164456885132242,⏎⏎
14:34:28.203 d/Serial: RX: :ok
14:34:28.203 d/Serial: TX: :r11=,⏎⏎
14:34:28.207 d/Serial: RX: :r11=49723.
14:34:28.207 d/Serial: TX: :r12=,⏎⏎
14:34:28.211 d/Serial: RX: :r12=46952.
14:34:28.211 d/Serial: TX: :w24=164497999353522,⏎⏎
14:34:28.215 d/Serial: RX: :ok
14:34:28.215 d/Serial: TX: :r11=,⏎⏎
14:34:28.219 d/Serial: RX: :r11=49723.
14:34:28.219 d/Serial: TX: :r12=,⏎⏎
14:34:28.223 d/Serial: RX: :r12=46952.
14:34:28.223 d/Serial: TX: :w24=164539123853362,⏎⏎
14:34:28.227 d/Serial: RX: :ok
14:34:28.227 d/Serial: TX: :r11=,⏎⏎
14:34:28.231 d/Serial: RX: :r11=49720.
14:34:28.231 d/Serial: TX: :r12=,⏎⏎
14:34:28.235 d/Serial: RX: :r12=46952.
14:34:28.235 d/Serial: TX: :w24=164580258634322,⏎⏎
14:34:28.239 d/Serial: RX: :ok
14:34:28.239 d/Serial: TX: :r11=,⏎⏎
14:34:28.243 d/Serial: RX: :r11=49720.
14:34:28.243 d/Serial: TX: :r12=,⏎⏎
14:34:28.247 d/Serial: RX: :r12=46952.
14:34:28.248 d/Serial: TX: :w24=164621403698982,⏎⏎
14:34:28.252 d/Serial: RX: :ok
14:34:28.252 d/Serial: TX: :r11=,⏎⏎
14:34:28.257 d/Serial: RX: :r11=49723.
14:34:28.257 d/Serial: TX: :r12=,⏎⏎
14:34:28.261 d/Serial: RX: :r12=46954.
14:34:28.261 d/Serial: TX: :w24=164662559049912,⏎⏎
14:34:28.265 d/Serial: RX: :ok
14:34:28.265 d/Serial: TX: :r11=,⏎⏎
14:34:28.269 d/Serial: RX: :r11=49723.
14:34:28.269 d/Serial: TX: :r12=,⏎⏎
14:34:28.273 d/Serial: RX: :r12=46955.
14:34:28.273 d/Serial: TX: :w24=164703724689672,⏎⏎
14:34:28.277 d/Serial: RX: :ok
14:34:28.277 d/Serial: TX: :r11=,⏎⏎
14:34:28.281 d/Serial: RX: :r11=49723.
14:34:28.281 d/Serial: TX: :r12=,⏎⏎
14:34:28.285 d/Serial: RX: :r12=46957.
14:34:28.285 d/Serial: TX: :w24=164744900620842,⏎⏎
14:34:28.289 d/Serial: RX: :ok
14:34:28.289 d/Serial: TX: :r11=,⏎⏎
14:34:28.293 d/Serial: RX: :r11=49726.
14:34:28.293 d/Serial: TX: :r12=,⏎⏎
14:34:28.297 d/Serial: RX: :r12=46958.
14:34:28.297 d/Serial: TX: :w24=164786086846002,⏎⏎
14:34:28.301 d/Serial: RX: :ok
14:34:28.301 d/Serial: TX: :r11=,⏎⏎
14:34:28.305 d/Serial: RX: :r11=49733.
14:34:28.305 d/Serial: TX: :r12=,⏎⏎
14:34:28.309 d/Serial: RX: :r12=46957.
14:34:28.309 d/Serial: TX: :w24=164827283367712,⏎⏎
14:34:28.313 d/Serial: RX: :ok
14:34:28.313 d/Serial: TX: :r11=,⏎⏎
14:34:28.317 d/Serial: RX: :r11=49731.
14:34:28.317 d/Serial: TX: :r12=,⏎⏎
14:34:28.321 d/Serial: RX: :r12=46957.
14:34:28.321 d/Serial: TX: :w24=164868490188552,⏎⏎
14:34:28.325 d/Serial: RX: :ok
14:34:28.325 d/Serial: TX: :r11=,⏎⏎
14:34:28.329 d/Serial: RX: :r11=49731.
14:34:28.329 d/Serial: TX: :r12=,⏎⏎
14:34:28.333 d/Serial: RX: :r12=46957.
14:34:28.333 d/Serial: TX: :w24=164909707311102,⏎⏎
14:34:28.337 d/Serial: RX: :ok
14:34:28.337 d/Serial: TX: :r11=,⏎⏎
14:34:28.341 d/Serial: RX: :r11=49724.
14:34:28.341 d/Serial: TX: :r12=,⏎⏎
14:34:28.345 d/Serial: RX: :r12=46956.
14:34:28.345 d/Serial: TX: :w24=164950934737922,⏎⏎
14:34:28.349 d/Serial: RX: :ok
14:34:28.349 d/Serial: TX: :r11=,⏎⏎
14:34:28.353 d/Serial: RX: :r11=49726.
14:34:28.353 d/Serial: TX: :r12=,⏎⏎
14:34:28.357 d/Serial: RX: :r12=46958.
14:34:28.357 d/Serial: TX: :w24=164992172471612,⏎⏎
14:34:28.361 d/Serial: RX: :ok
14:34:28.361 d/Serial: TX: :r11=,⏎⏎
14:34:28.365 d/Serial: RX: :r11=49727.
14:34:28.365 d/Serial: TX: :r12=,⏎⏎
14:34:28.369 d/Serial: RX: :r12=46958.
14:34:28.369 d/Serial: TX: :w24=165033420514732,⏎⏎
14:34:28.373 d/Serial: RX: :ok
14:34:28.373 d/Serial: TX: :r11=,⏎⏎
14:34:28.377 d/Serial: RX: :r11=49730.
14:34:28.377 d/Serial: TX: :r12=,⏎⏎
14:34:28.381 d/Serial: RX: :r12=46960.
14:34:28.381 d/Serial: TX: :w24=165074678869862,⏎⏎
14:34:28.385 d/Serial: RX: :ok
14:34:28.385 d/Serial: TX: :r11=,⏎⏎
14:34:28.389 d/Serial: RX: :r11=49731.
14:34:28.389 d/Serial: TX: :r12=,⏎⏎
14:34:28.394 d/Serial: RX: :r12=46959.
14:34:28.395 d/Serial: TX: :w24=165115947539572,⏎⏎
14:34:28.399 d/Serial: RX: :ok
14:34:28.399 d/Serial: TX: :r11=,⏎⏎
14:34:28.403 d/Serial: RX: :r11=49733.
14:34:28.403 d/Serial: TX: :r12=,⏎⏎
14:34:28.407 d/Serial: RX: :r12=46959.
14:34:28.408 d/Serial: TX: :w24=165157226526462,⏎⏎
14:34:28.412 d/Serial: RX: :ok
14:34:28.412 d/Serial: TX: :r11=,⏎⏎
14:34:28.416 d/Serial: RX: :r11=49733.
14:34:28.416 d/Serial: TX: :r12=,⏎⏎
14:34:28.420 d/Serial: RX: :r12=46961.
14:34:28.420 d/Serial: TX: :w24=165198515833092,⏎⏎
14:34:28.424 d/Serial: RX: :ok
14:34:28.424 d/Serial: TX: :r11=,⏎⏎
14:34:28.428 d/Serial: RX: :r11=49732.
14:34:28.428 d/Serial: TX: :r12=,⏎⏎
14:34:28.432 d/Serial: RX: :r12=46960.
14:34:28.432 d/Serial: TX: :w24=165239815462052,⏎⏎
14:34:28.436 d/Serial: RX: :ok
14:34:28.436 d/Serial: TX: :r11=,⏎⏎
14:34:28.440 d/Serial: RX: :r11=49726.
14:34:28.440 d/Serial: TX: :r12=,⏎⏎
14:34:28.444 d/Serial: RX: :r12=46961.
14:34:28.444 d/Serial: TX: :w24=165281125415912,⏎⏎
14:34:28.448 d/Serial: RX: :ok
14:34:28.448 d/Serial: TX: :r11=,⏎⏎
14:34:28.452 d/Serial: RX: :r11=49724.
14:34:28.452 d/Serial: TX: :r12=,⏎⏎
14:34:28.456 d/Serial: RX: :r12=46961.
14:34:28.456 d/Serial: TX: :w24=165322445697272,⏎⏎
14:34:28.460 d/Serial: RX: :ok
14:34:28.460 d/Serial: TX: :r11=,⏎⏎
14:34:28.464 d/Serial: RX: :r11=49730.
14:34:28.464 d/Serial: TX: :r12=,⏎⏎
14:34:28.468 d/Serial: RX: :r12=46964.
14:34:28.469 d/Serial: TX: :w24=165363776308692,⏎⏎
14:34:28.473 d/Serial: RX: :ok
14:34:28.473 d/Serial: TX: :r11=,⏎⏎
14:34:28.477 d/Serial: RX: :r11=49732.
14:34:28.477 d/Serial: TX: :r12=,⏎⏎
14:34:28.481 d/Serial: RX: :r12=46961.
14:34:28.481 d/Serial: TX: :w24=165405117252772,⏎⏎
14:34:28.485 d/Serial: RX: :ok
14:34:28.485 d/Serial: TX: :r11=,⏎⏎
14:34:28.489 d/Serial: RX: :r11=49729.
14:34:28.489 d/Serial: TX: :r12=,⏎⏎
14:34:28.493 d/Serial: RX: :r12=46960.
14:34:28.493 d/Serial: TX: :w24=165446468532082,⏎⏎
14:34:28.497 d/Serial: RX: :ok
14:34:28.497 d/Serial: TX: :r11=,⏎⏎
14:34:28.508 d/Serial: RX: :r11=49729.
14:34:28.508 d/Serial: TX: :r12=,⏎⏎
14:34:28.513 d/Serial: RX: :r12=46961.
14:34:28.513 d/Serial: TX: :w24=165487830149222,⏎⏎
14:34:28.517 d/Serial: RX: :ok
14:34:28.517 d/Serial: TX: :r11=,⏎⏎
14:34:28.522 d/Serial: RX: :r11=49730.
14:34:28.522 d/Serial: TX: :r12=,⏎⏎
14:34:28.526 d/Serial: RX: :r12=46962.
14:34:28.526 d/Serial: TX: :w24=165529202106752,⏎⏎
14:34:28.530 d/Serial: RX: :ok
14:34:28.530 d/Serial: TX: :r11=,⏎⏎
14:34:28.534 d/Serial: RX: :r11=49730.
14:34:28.534 d/Serial: TX: :r12=,⏎⏎
14:34:28.538 d/Serial: RX: :r12=46962.
14:34:28.539 d/Serial: TX: :w24=165570584407282,⏎⏎
14:34:28.543 d/Serial: RX: :ok
14:34:28.543 d/Serial: TX: :r11=,⏎⏎
14:34:28.548 d/Serial: RX: :r11=49729.
14:34:28.548 d/Serial: TX: :r12=,⏎⏎
14:34:28.552 d/Serial: RX: :r12=46960.
14:34:28.553 d/Serial: TX: :w24=165611977053382,⏎⏎
14:34:28.558 d/Serial: RX: :ok
14:34:28.558 d/Serial: TX: :r11=,⏎⏎
14:34:28.562 d/Serial: RX: :r11=49727.
14:34:28.562 d/Serial: TX: :r12=,⏎⏎
14:34:28.568 d/Serial: RX: :r12=46962.
14:34:28.568 d/Serial: TX: :w24=165653380047642,⏎⏎
14:34:28.572 d/Serial: RX: :ok
14:34:28.572 d/Serial: TX: :r11=,⏎⏎
14:34:28.576 d/Serial: RX: :r11=49726.
14:34:28.576 d/Serial: TX: :r12=,⏎⏎
14:34:28.580 d/Serial: RX: :r12=46962.
14:34:28.580 d/Serial: TX: :w24=165694793392662,⏎⏎
14:34:28.584 d/Serial: RX: :ok
14:34:28.584 d/Serial: TX: :r11=,⏎⏎
14:34:28.588 d/Serial: RX: :r11=49730.
14:34:28.588 d/Serial: TX: :r12=,⏎⏎
14:34:28.592 d/Serial: RX: :r12=46962.
14:34:28.592 d/Serial: TX: :w24=165736217091002,⏎⏎
14:34:28.597 d/Serial: RX: :ok
14:34:28.597 d/Serial: TX: :r11=,⏎⏎
14:34:28.601 d/Serial: RX: :r11=49730.
14:34:28.601 d/Serial: TX: :r12=,⏎⏎
14:34:28.605 d/Serial: RX: :r12=46965.
14:34:28.605 d/Serial: TX: :w24=165777651145282,⏎⏎
14:34:28.609 d/Serial: RX: :ok
14:34:28.609 d/Serial: TX: :r11=,⏎⏎
14:34:28.613 d/Serial: RX: :r11=49728.
14:34:28.613 d/Serial: TX: :r12=,⏎⏎
14:34:28.618 d/Serial: RX: :r12=46965.
14:34:28.618 d/Serial: TX: :w24=165819095558062,⏎⏎
14:34:28.622 d/Serial: RX: :ok
14:34:28.622 d/Serial: TX: :r11=,⏎⏎
14:34:28.626 d/Serial: RX: :r11=49731.
14:34:28.626 d/Serial: TX: :r12=,⏎⏎
14:34:28.630 d/Serial: RX: :r12=46966.
14:34:28.631 d/Serial: TX: :w24=165860550331952,⏎⏎
14:34:28.635 d/Serial: RX: :ok
14:34:28.635 d/Serial: TX: :r11=,⏎⏎
14:34:28.639 d/Serial: RX: :r11=49730.
14:34:28.639 d/Serial: TX: :r12=,⏎⏎
14:34:28.643 d/Serial: RX: :r12=46964.
14:34:28.643 d/Serial: TX: :w24=165902015469542,⏎⏎
14:34:28.647 d/Serial: RX: :ok
14:34:28.647 d/Serial: TX: :r11=,⏎⏎
14:34:28.651 d/Serial: RX: :r11=49727.
14:34:28.651 d/Serial: TX: :r12=,⏎⏎
14:34:28.655 d/Serial: RX: :r12=46965.
14:34:28.655 d/Serial: TX: :w24=165943490973402,⏎⏎
14:34:28.659 d/Serial: RX: :ok
14:34:28.659 d/Serial: TX: :r11=,⏎⏎
14:34:28.663 d/Serial: RX: :r11=49727.
14:34:28.663 d/Serial: TX: :r12=,⏎⏎
14:34:28.669 d/Serial: RX: :r12=46965.
14:34:28.670 d/Serial: TX: :w24=165984976846152,⏎⏎
14:34:28.674 d/Serial: RX: :ok
14:34:28.674 d/Serial: TX: :r11=,⏎⏎
14:34:28.678 d/Serial: RX: :r11=49722.
14:34:28.678 d/Serial: TX: :r12=,⏎⏎
14:34:28.682 d/Serial: RX: :r12=46966.
14:34:28.683 d/Serial: TX: :w24=166026473090362,⏎⏎
14:34:28.687 d/Serial: RX: :ok
14:34:28.687 d/Serial: TX: :r11=,⏎⏎
14:34:28.691 d/Serial: RX: :r11=49724.
14:34:28.691 d/Serial: TX: :r12=,⏎⏎
14:34:28.695 d/Serial: RX: :r12=46966.
14:34:28.696 d/Serial: TX: :w24=166067979708632,⏎⏎
14:34:28.700 d/Serial: RX: :ok
14:34:28.700 d/Serial: TX: :r11=,⏎⏎
14:34:28.705 d/Serial: RX: :r11=49730.
14:34:28.705 d/Serial: TX: :r12=,⏎⏎
14:34:28.711 d/Serial: RX: :r12=46970.
14:34:28.713 d/Serial: TX: :w24=166109496703562,⏎⏎
14:34:28.717 d/Serial: RX: :ok
14:34:28.717 d/Serial: TX: :r11=,⏎⏎
14:34:28.721 d/Serial: RX: :r11=49730.
14:34:28.721 d/Serial: TX: :r12=,⏎⏎
14:34:28.725 d/Serial: RX: :r12=46968.
14:34:28.726 d/Serial: TX: :w24=166151024077732,⏎⏎
14:34:28.730 d/Serial: RX: :ok
14:34:28.730 d/Serial: TX: :r11=,⏎⏎
14:34:28.734 d/Serial: RX: :r11=49726.
14:34:28.734 d/Serial: TX: :r12=,⏎⏎
14:34:28.738 d/Serial: RX: :r12=46968.
14:34:28.738 d/Serial: TX: :w24=166192561833752,⏎⏎
14:34:28.742 d/Serial: RX: :ok
14:34:28.742 d/Serial: TX: :r11=,⏎⏎
14:34:28.746 d/Serial: RX: :r11=49729.
14:34:28.746 d/Serial: TX: :r12=,⏎⏎
14:34:28.750 d/Serial: RX: :r12=46969.
14:34:28.750 d/Serial: TX: :w24=166234109974212,⏎⏎
14:34:28.754 d/Serial: RX: :ok
14:34:28.754 d/Serial: TX: :r11=,⏎⏎
14:34:28.758 d/Serial: RX: :r11=49733.
14:34:28.758 d/Serial: TX: :r12=,⏎⏎
14:34:28.762 d/Serial: RX: :r12=46971.
14:34:28.762 d/Serial: TX: :w24=166275668501712,⏎⏎
14:34:28.766 d/Serial: RX: :ok
14:34:28.766 d/Serial: TX: :r11=,⏎⏎
14:34:28.770 d/Serial: RX: :r11=49739.
14:34:28.770 d/Serial: TX: :r12=,⏎⏎
14:34:28.774 d/Serial: RX: :r12=46972.
14:34:28.775 d/Serial: TX: :w24=166317237418832,⏎⏎
14:34:28.779 d/Serial: RX: :ok
14:34:28.779 d/Serial: TX: :r11=,⏎⏎
14:34:28.783 d/Serial: RX: :r11=49739.
14:34:28.783 d/Serial: TX: :r12=,⏎⏎
14:34:28.787 d/Serial: RX: :r12=46972.
14:34:28.787 d/Serial: TX: :w24=166358816728192,⏎⏎
14:34:28.791 d/Serial: RX: :ok
14:34:28.791 d/Serial: TX: :r11=,⏎⏎
14:34:28.795 d/Serial: RX: :r11=49735.
14:34:28.795 d/Serial: TX: :r12=,⏎⏎
14:34:28.799 d/Serial: RX: :r12=46972.
14:34:28.799 d/Serial: TX: :w24=166400406432372,⏎⏎
14:34:28.803 d/Serial: RX: :ok
14:34:28.803 d/Serial: TX: :r11=,⏎⏎
14:34:28.807 d/Serial: RX: :r11=49737.
14:34:28.807 d/Serial: TX: :r12=,⏎⏎
14:34:28.811 d/Serial: RX: :r12=46972.
14:34:28.811 d/Serial: TX: :w24=166442006533982,⏎⏎
14:34:28.815 d/Serial: RX: :ok
14:34:28.815 d/Serial: TX: :r11=,⏎⏎
14:34:28.819 d/Serial: RX: :r11=49736.
14:34:28.819 d/Serial: TX: :r12=,⏎⏎
14:34:28.823 d/Serial: RX: :r12=46971.
14:34:28.823 d/Serial: TX: :w24=166483617035612,⏎⏎
14:34:28.827 d/Serial: RX: :ok
14:34:28.827 d/Serial: TX: :r11=,⏎⏎
14:34:28.831 d/Serial: RX: :r11=49731.
14:34:28.831 d/Serial: TX: :r12=,⏎⏎
14:34:28.835 d/Serial: RX: :r12=46971.
14:34:28.835 d/Serial: TX: :w24=166525237939872,⏎⏎
14:34:28.839 d/Serial: RX: :ok
14:34:28.839 d/Serial: TX: :r11=,⏎⏎
14:34:28.843 d/Serial: RX: :r11=49735.
14:34:28.843 d/Serial: TX: :r12=,⏎⏎
14:34:28.847 d/Serial: RX: :r12=46972.
14:34:28.847 d/Serial: TX: :w24=166566869249352,⏎⏎
14:34:28.851 d/Serial: RX: :ok
14:34:28.851 d/Serial: TX: :r11=,⏎⏎
14:34:28.855 d/Serial: RX: :r11=49735.
14:34:28.855 d/Serial: TX: :r12=,⏎⏎
14:34:28.859 d/Serial: RX: :r12=46972.
14:34:28.859 d/Serial: TX: :w24=166608510966672,⏎⏎
14:34:28.863 d/Serial: RX: :ok
14:34:28.863 d/Serial: TX: :r11=,⏎⏎
14:34:28.867 d/Serial: RX: :r11=49734.
14:34:28.867 d/Serial: TX: :r12=,⏎⏎
14:34:28.871 d/Serial: RX: :r12=46972.
14:34:28.871 d/Serial: TX: :w24=166650163094412,⏎⏎
14:34:28.875 d/Serial: RX: :ok
14:34:28.875 d/Serial: TX: :r11=,⏎⏎
14:34:28.879 d/Serial: RX: :r11=49731.
14:34:28.879 d/Serial: TX: :r12=,⏎⏎
14:34:28.883 d/Serial: RX: :r12=46972.
14:34:28.884 d/Serial: TX: :w24=166691825635182,⏎⏎
14:34:28.888 d/Serial: RX: :ok
14:34:28.888 d/Serial: TX: :r11=,⏎⏎
14:34:28.892 d/Serial: RX: :r11=49727.
14:34:28.892 d/Serial: TX: :r12=,⏎⏎
14:34:28.896 d/Serial: RX: :r12=46968.
14:34:28.896 d/Serial: TX: :w24=166733498591592,⏎⏎
14:34:28.900 d/Serial: RX: :ok
14:34:28.900 d/Serial: TX: :r11=,⏎⏎
14:34:28.904 d/Serial: RX: :r11=49721.
14:34:28.904 d/Serial: TX: :r12=,⏎⏎
14:34:28.908 d/Serial: RX: :r12=46970.
14:34:28.908 d/Serial: TX: :w24=166775181966242,⏎⏎
14:34:28.912 d/Serial: RX: :ok
14:34:28.912 d/Serial: TX: :r11=,⏎⏎
14:34:28.916 d/Serial: RX: :r11=49722.
14:34:28.916 d/Serial: TX: :r12=,⏎⏎
14:34:28.920 d/Serial: RX: :r12=46970.
14:34:28.920 d/Serial: TX: :w24=166816875761732,⏎⏎
14:34:28.924 d/Serial: RX: :ok
14:34:28.924 d/Serial: TX: :r11=,⏎⏎
14:34:28.928 d/Serial: RX: :r11=49727.
14:34:28.928 d/Serial: TX: :r12=,⏎⏎
14:34:28.932 d/Serial: RX: :r12=46973.
14:34:28.933 d/Serial: TX: :w24=166858579980672,⏎⏎
14:34:28.937 d/Serial: RX: :ok
14:34:28.937 d/Serial: TX: :r11=,⏎⏎
14:34:28.941 d/Serial: RX: :r11=49736.
14:34:28.941 d/Serial: TX: :r12=,⏎⏎
14:34:28.945 d/Serial: RX: :r12=46970.
14:34:28.945 d/Serial: TX: :w24=166900294625662,⏎⏎
14:34:28.950 d/Serial: RX: :ok
14:34:28.950 d/Serial: TX: :r11=,⏎⏎
14:34:28.955 d/Serial: RX: :r11=49724.
14:34:28.955 d/Serial: TX: :r12=,⏎⏎
14:34:28.959 d/Serial: RX: :r12=46969.
14:34:28.959 d/Serial: TX: :w24=166942019699322,⏎⏎
14:34:28.963 d/Serial: RX: :ok
14:34:28.963 d/Serial: TX: :r11=,⏎⏎
14:34:28.967 d/Serial: RX: :r11=49718.
14:34:28.967 d/Serial: TX: :r12=,⏎⏎
14:34:28.974 d/Serial: RX: :r12=46971.
14:34:28.974 d/Serial: TX: :w24=166983755204252,⏎⏎
14:34:28.978 d/Serial: RX: :ok
14:34:28.978 d/Serial: TX: :r11=,⏎⏎
14:34:28.982 d/Serial: RX: :r11=49721.
14:34:28.982 d/Serial: TX: :r12=,⏎⏎
14:34:28.986 d/Serial: RX: :r12=46972.
14:34:28.986 d/Serial: TX: :w24=167025501143052,⏎⏎
14:34:28.990 d/Serial: RX: :ok
14:34:28.990 d/Serial: TX: :r11=,⏎⏎
14:34:28.994 d/Serial: RX: :r11=49723.
14:34:28.994 d/Serial: TX: :r12=,⏎⏎
14:34:28.998 d/Serial: RX: :r12=46976.
14:34:28.998 d/Serial: TX: :w24=167067257518332,⏎⏎
14:34:29.002 d/Serial: RX: :ok
14:34:29.002 d/Serial: TX: :r11=,⏎⏎
14:34:29.006 d/Serial: RX: :r11=49731.
14:34:29.006 d/Serial: TX: :r12=,⏎⏎
14:34:29.010 d/Serial: RX: :r12=46976.
14:34:29.011 d/Serial: TX: :w24=167109024332712,⏎⏎
14:34:29.015 d/Serial: RX: :ok
14:34:29.015 d/Serial: TX: :r11=,⏎⏎
14:34:29.019 d/Serial: RX: :r11=49730.
14:34:29.019 d/Serial: TX: :r12=,⏎⏎
14:34:29.023 d/Serial: RX: :r12=46972.
14:34:29.024 d/Serial: TX: :w24=167150801588802,⏎⏎
14:34:29.028 d/Serial: RX: :ok
14:34:29.028 d/Serial: TX: :r11=,⏎⏎
14:34:29.032 d/Serial: RX: :r11=49723.
14:34:29.032 d/Serial: TX: :r12=,⏎⏎
14:34:29.036 d/Serial: RX: :r12=46975.
14:34:29.036 d/Serial: TX: :w24=167192589289192,⏎⏎
14:34:29.040 d/Serial: RX: :ok
14:34:29.040 d/Serial: TX: :r11=,⏎⏎
14:34:29.044 d/Serial: RX: :r11=49730.
14:34:29.044 d/Serial: TX: :r12=,⏎⏎
14:34:29.048 d/Serial: RX: :r12=46975.
14:34:29.048 d/Serial: TX: :w24=167234387436522,⏎⏎
14:34:29.052 d/Serial: RX: :ok
14:34:29.052 d/Serial: TX: :r11=,⏎⏎
14:34:29.056 d/Serial: RX: :r11=49727.
14:34:29.056 d/Serial: TX: :r12=,⏎⏎
14:34:29.060 d/Serial: RX: :r12=46976.
14:34:29.060 d/Serial: TX: :w24=167276196033372,⏎⏎
14:34:29.064 d/Serial: RX: :ok
14:34:29.064 d/Serial: TX: :r11=,⏎⏎
14:34:29.069 d/Serial: RX: :r11=49729.
14:34:29.069 d/Serial: TX: :r12=,⏎⏎
14:34:29.073 d/Serial: RX: :r12=46977.
14:34:29.073 d/Serial: TX: :w24=167318015082382,⏎⏎
14:34:29.079 d/Serial: RX: :ok
14:34:29.079 d/Serial: TX: :r11=,⏎⏎
14:34:29.084 d/Serial: RX: :r11=49724.
14:34:29.084 d/Serial: TX: :r12=,⏎⏎
14:34:29.089 d/Serial: RX: :r12=46976.
14:34:29.089 d/Serial: TX: :w24=167359844586152,⏎⏎
14:34:29.094 d/Serial: RX: :ok
14:34:29.094 d/Serial: TX: :r11=,⏎⏎
14:34:29.098 d/Serial: RX: :r11=49726.
14:34:29.098 d/Serial: TX: :r12=,⏎⏎
14:34:29.102 d/Serial: RX: :r12=46978.
14:34:29.102 d/Serial: TX: :w24=167401684547302,⏎⏎
14:34:29.106 d/Serial: RX: :ok
14:34:29.106 d/Serial: TX: :r11=,⏎⏎
14:34:29.110 d/Serial: RX: :r11=49729.
14:34:29.110 d/Serial: TX: :r12=,⏎⏎
14:34:29.115 d/Serial: RX: :r12=46979.
14:34:29.115 d/Serial: TX: :w24=167443534968442,⏎⏎
14:34:29.119 d/Serial: RX: :ok
14:34:29.119 d/Serial: TX: :r11=,⏎⏎
14:34:29.124 d/Serial: RX: :r11=49728.
14:34:29.124 d/Serial: TX: :r12=,⏎⏎
14:34:29.128 d/Serial: RX: :r12=46980.
14:34:29.129 d/Serial: TX: :w24=167485395852182,⏎⏎
14:34:29.133 d/Serial: RX: :ok
14:34:29.133 d/Serial: TX: :r11=,⏎⏎
14:34:29.137 d/Serial: RX: :r11=49733.
14:34:29.137 d/Serial: TX: :r12=,⏎⏎
14:34:29.141 d/Serial: RX: :r12=46980.
14:34:29.141 d/Serial: TX: :w24=167527267201142,⏎⏎
14:34:29.145 d/Serial: RX: :ok
14:34:29.145 d/Serial: TX: :r11=,⏎⏎
14:34:29.150 d/Serial: RX: :r11=49733.
14:34:29.150 d/Serial: TX: :r12=,⏎⏎
14:34:29.154 d/Serial: RX: :r12=46980.
14:34:29.154 d/Serial: TX: :w24=167569149017942,⏎⏎
14:34:29.158 d/Serial: RX: :ok
14:34:29.158 d/Serial: TX: :r11=,⏎⏎
14:34:29.162 d/Serial: RX: :r11=49729.
14:34:29.162 d/Serial: TX: :r12=,⏎⏎
14:34:29.166 d/Serial: RX: :r12=46979.
14:34:29.166 d/Serial: TX: :w24=167611041305202,⏎⏎
14:34:29.170 d/Serial: RX: :ok
14:34:29.170 d/Serial: TX: :r11=,⏎⏎
14:34:29.174 d/Serial: RX: :r11=49732.
14:34:29.174 d/Serial: TX: :r12=,⏎⏎
14:34:29.178 d/Serial: RX: :r12=46983.
14:34:29.179 d/Serial: TX: :w24=167652944065522,⏎⏎
14:34:29.183 d/Serial: RX: :ok
14:34:29.183 d/Serial: TX: :r11=,⏎⏎
14:34:29.187 d/Serial: RX: :r11=49736.
14:34:29.187 d/Serial: TX: :r12=,⏎⏎
14:34:29.191 d/Serial: RX: :r12=46984.
14:34:29.191 d/Serial: TX: :w24=167694857301542,⏎⏎
14:34:29.195 d/Serial: RX: :ok
14:34:29.195 d/Serial: TX: :r11=,⏎⏎
14:34:29.200 d/Serial: RX: :r11=49732.
14:34:29.200 d/Serial: TX: :r12=,⏎⏎
14:34:29.204 d/Serial: RX: :r12=46982.
14:34:29.204 d/Serial: TX: :w24=167736781015862,⏎⏎
14:34:29.208 d/Serial: RX: :ok
14:34:29.208 d/Serial: TX: :r11=,⏎⏎
14:34:29.212 d/Serial: RX: :r11=49733.
14:34:29.212 d/Serial: TX: :r12=,⏎⏎
14:34:29.216 d/Serial: RX: :r12=46984.
14:34:29.216 d/Serial: TX: :w24=167778715211122,⏎⏎
14:34:29.220 d/Serial: RX: :ok
14:34:29.220 d/Serial: TX: :r11=,⏎⏎
14:34:29.225 d/Serial: RX: :r11=49733.
14:34:29.225 d/Serial: TX: :r12=,⏎⏎
14:34:29.230 d/Serial: RX: :r12=46985.
14:34:29.231 d/Serial: TX: :w24=167820659889922,⏎⏎
14:34:29.235 d/Serial: RX: :ok
14:34:29.235 d/Serial: TX: :r11=,⏎⏎
14:34:29.239 d/Serial: RX: :r11=49726.
14:34:29.239 d/Serial: TX: :r12=,⏎⏎
14:34:29.243 d/Serial: RX: :r12=46985.
14:34:29.243 d/Serial: TX: :w24=167862615054892,⏎⏎
14:34:29.247 d/Serial: RX: :ok
14:34:29.247 d/Serial: TX: :r11=,⏎⏎
14:34:29.251 d/Serial: RX: :r11=49726.
14:34:29.251 d/Serial: TX: :r12=,⏎⏎
14:34:29.255 d/Serial: RX: :r12=46984.
14:34:29.255 d/Serial: TX: :w24=167904580708662,⏎⏎
14:34:29.259 d/Serial: RX: :ok
14:34:29.259 d/Serial: TX: :r11=,⏎⏎
14:34:29.263 d/Serial: RX: :r11=49726.
14:34:29.263 d/Serial: TX: :r12=,⏎⏎
14:34:29.267 d/Serial: RX: :r12=46986.
14:34:29.267 d/Serial: TX: :w24=167946556853832,⏎⏎
14:34:29.271 d/Serial: RX: :ok
14:34:29.271 d/Serial: TX: :r11=,⏎⏎
14:34:29.275 d/Serial: RX: :r11=49738.
14:34:29.275 d/Serial: TX: :r12=,⏎⏎
14:34:29.279 d/Serial: RX: :r12=46985.
14:34:29.279 d/Serial: TX: :w24=167988543493052,⏎⏎
14:34:29.283 d/Serial: RX: :ok
14:34:29.283 d/Serial: TX: :r11=,⏎⏎
14:34:29.287 d/Serial: RX: :r11=49731.
14:34:29.287 d/Serial: TX: :r12=,⏎⏎
14:34:29.291 d/Serial: RX: :r12=46987.
14:34:29.291 d/Serial: TX: :w24=168030540628922,⏎⏎
14:34:29.295 d/Serial: RX: :ok
14:34:29.295 d/Serial: TX: :r11=,⏎⏎
14:34:29.299 d/Serial: RX: :r11=49732.
14:34:29.299 d/Serial: TX: :r12=,⏎⏎
14:34:29.303 d/Serial: RX: :r12=46989.
14:34:29.303 d/Serial: TX: :w24=168072548264082,⏎⏎
14:34:29.307 d/Serial: RX: :ok
14:34:29.307 d/Serial: TX: :r11=,⏎⏎
14:34:29.311 d/Serial: RX: :r11=49731.
14:34:29.311 d/Serial: TX: :r12=,⏎⏎
14:34:29.315 d/Serial: RX: :r12=46988.
14:34:29.315 d/Serial: TX: :w24=168114566401142,⏎⏎
14:34:29.319 d/Serial: RX: :ok
14:34:29.319 d/Serial: TX: :r11=,⏎⏎
14:34:29.323 d/Serial: RX: :r11=49731.
14:34:29.323 d/Serial: TX: :r12=,⏎⏎
14:34:29.327 d/Serial: RX: :r12=46988.
14:34:29.327 d/Serial: TX: :w24=168156595042742,⏎⏎
14:34:29.331 d/Serial: RX: :ok
14:34:29.331 d/Serial: TX: :r11=,⏎⏎
14:34:29.335 d/Serial: RX: :r11=49733.
14:34:29.335 d/Serial: TX: :r12=,⏎⏎
14:34:29.339 d/Serial: RX: :r12=46988.
14:34:29.339 d/Serial: TX: :w24=168198634191512,⏎⏎
14:34:29.343 d/Serial: RX: :ok
14:34:29.343 d/Serial: TX: :r11=,⏎⏎
14:34:29.347 d/Serial: RX: :r11=49730.
14:34:29.347 d/Serial: TX: :r12=,⏎⏎
14:34:29.351 d/Serial: RX: :r12=46991.
14:34:29.351 d/Serial: TX: :w24=168240683850052,⏎⏎
14:34:29.355 d/Serial: RX: :ok
14:34:29.355 d/Serial: TX: :r11=,⏎⏎
14:34:29.360 d/Serial: RX: :r11=49730.
14:34:29.360 d/Serial: TX: :r12=,⏎⏎
14:34:29.364 d/Serial: RX: :r12=46991.
14:34:29.364 d/Serial: TX: :w24=168282744021022,⏎⏎
14:34:29.368 d/Serial: RX: :ok
14:34:29.368 d/Serial: TX: :r11=,⏎⏎
14:34:29.372 d/Serial: RX: :r11=49733.
14:34:29.372 d/Serial: TX: :r12=,⏎⏎
14:34:29.377 d/Serial: RX: :r12=46992.
14:34:29.378 d/Serial: TX: :w24=168324814707022,⏎⏎
14:34:29.382 d/Serial: RX: :ok
14:34:29.382 d/Serial: TX: :r11=,⏎⏎
14:34:29.386 d/Serial: RX: :r11=49733.
14:34:29.386 d/Serial: TX: :r12=,⏎⏎
14:34:29.390 d/Serial: RX: :r12=46992.
14:34:29.390 d/Serial: TX: :w24=168366895910702,⏎⏎
14:34:29.394 d/Serial: RX: :ok
14:34:29.394 d/Serial: TX: :r11=,⏎⏎
14:34:29.398 d/Serial: RX: :r11=49731.
14:34:29.398 d/Serial: TX: :r12=,⏎⏎
14:34:29.402 d/Serial: RX: :r12=46994.
14:34:29.402 d/Serial: TX: :w24=168408987634682,⏎⏎
14:34:29.406 d/Serial: RX: :ok
14:34:29.406 d/Serial: TX: :r11=,⏎⏎
14:34:29.410 d/Serial: RX: :r11=49731.
14:34:29.410 d/Serial: TX: :r12=,⏎⏎
14:34:29.414 d/Serial: RX: :r12=46997.
14:34:29.414 d/Serial: TX: :w24=168451089881582,⏎⏎
14:34:29.418 d/Serial: RX: :ok
14:34:29.418 d/Serial: TX: :r11=,⏎⏎
14:34:29.422 d/Serial: RX: :r11=49734.
14:34:29.422 d/Serial: TX: :r12=,⏎⏎
14:34:29.426 d/Serial: RX: :r12=46996.
14:34:29.426 d/Serial: TX: :w24=168493202654052,⏎⏎
14:34:29.430 d/Serial: RX: :ok
14:34:29.430 d/Serial: TX: :r11=,⏎⏎
14:34:29.434 d/Serial: RX: :r11=49730.
14:34:29.434 d/Serial: TX: :r12=,⏎⏎
14:34:29.438 d/Serial: RX: :r12=46996.
14:34:29.438 d/Serial: TX: :w24=168535325954722,⏎⏎
14:34:29.442 d/Serial: RX: :ok
14:34:29.442 d/Serial: TX: :r11=,⏎⏎
14:34:29.446 d/Serial: RX: :r11=49725.
14:34:29.446 d/Serial: TX: :r12=,⏎⏎
14:34:29.450 d/Serial: RX: :r12=46995.
14:34:29.450 d/Serial: TX: :w24=168577459786212,⏎⏎
14:34:29.454 d/Serial: RX: :ok
14:34:29.454 d/Serial: TX: :r11=,⏎⏎
14:34:29.458 d/Serial: RX: :r11=49726.
14:34:29.458 d/Serial: TX: :r12=,⏎⏎
14:34:29.462 d/Serial: RX: :r12=46997.
14:34:29.462 d/Serial: TX: :w24=168619604151152,⏎⏎
14:34:29.466 d/Serial: RX: :ok
14:34:29.466 d/Serial: TX: :r11=,⏎⏎
14:34:29.470 d/Serial: RX: :r11=49732.
14:34:29.470 d/Serial: TX: :r12=,⏎⏎
14:34:29.474 d/Serial: RX: :r12=47000.
14:34:29.474 d/Serial: TX: :w24=168661759052192,⏎⏎
14:34:29.478 d/Serial: RX: :ok
14:34:29.478 d/Serial: TX: :r11=,⏎⏎
14:34:29.482 d/Serial: RX: :r11=49733.
14:34:29.482 d/Serial: TX: :r12=,⏎⏎
14:34:29.487 d/Serial: RX: :r12=47002.
14:34:29.487 d/Serial: TX: :w24=168703924491952,⏎⏎
14:34:29.491 d/Serial: RX: :ok
14:34:29.491 d/Serial: TX: :r11=,⏎⏎
14:34:29.495 d/Serial: RX: :r11=49730.
14:34:29.495 d/Serial: TX: :r12=,⏎⏎
14:34:29.499 d/Serial: RX: :r12=47004.
14:34:29.499 d/Serial: TX: :w24=168746100473082,⏎⏎
14:34:29.503 d/Serial: RX: :ok
14:34:29.503 d/Serial: TX: :r11=,⏎⏎
14:34:29.507 d/Serial: RX: :r11=49730.
14:34:29.507 d/Serial: TX: :r12=,⏎⏎
14:34:29.511 d/Serial: RX: :r12=47004.
14:34:29.511 d/Serial: TX: :w24=168788286998202,⏎⏎
14:34:29.515 d/Serial: RX: :ok
14:34:29.515 d/Serial: TX: :r11=,⏎⏎
14:34:29.519 d/Serial: RX: :r11=49727.
14:34:29.519 d/Serial: TX: :r12=,⏎⏎
14:34:29.523 d/Serial: RX: :r12=47003.
14:34:29.523 d/Serial: TX: :w24=168830484069952,⏎⏎
14:34:29.527 d/Serial: RX: :ok
14:34:29.527 d/Serial: TX: :r11=,⏎⏎
14:34:29.531 d/Serial: RX: :r11=49724.
14:34:29.531 d/Serial: TX: :r12=,⏎⏎
14:34:29.535 d/Serial: RX: :r12=47004.
14:34:29.535 d/Serial: TX: :w24=168872691690962,⏎⏎
14:34:29.539 d/Serial: RX: :ok
14:34:29.539 d/Serial: TX: :r11=,⏎⏎
14:34:29.543 d/Serial: RX: :r11=49724.
14:34:29.543 d/Serial: TX: :r12=,⏎⏎
14:34:29.547 d/Serial: RX: :r12=47006.
14:34:29.547 d/Serial: TX: :w24=168914909863892,⏎⏎
14:34:29.551 d/Serial: RX: :ok
14:34:29.551 d/Serial: TX: :r11=,⏎⏎
14:34:29.555 d/Serial: RX: :r11=49724.
14:34:29.555 d/Serial: TX: :r12=,⏎⏎
14:34:29.559 d/Serial: RX: :r12=47007.
14:34:29.559 d/Serial: TX: :w24=168957138591352,⏎⏎
14:34:29.563 d/Serial: RX: :ok
14:34:29.563 d/Serial: TX: :r11=,⏎⏎
14:34:29.567 d/Serial: RX: :r11=49729.
14:34:29.567 d/Serial: TX: :r12=,⏎⏎
14:34:29.571 d/Serial: RX: :r12=47008.
14:34:29.571 d/Serial: TX: :w24=168999377876002,⏎⏎
14:34:29.576 d/Serial: RX: :ok
14:34:29.576 d/Serial: TX: :r11=,⏎⏎
14:34:29.580 d/Serial: RX: :r11=49733.
14:34:29.580 d/Serial: TX: :r12=,⏎⏎
14:34:29.591 d/Serial: RX: :r12=47013.
14:34:29.591 d/Serial: TX: :w24=169041627720472,⏎⏎
14:34:29.595 d/Serial: RX: :ok
14:34:29.595 d/Serial: TX: :r11=,⏎⏎
14:34:29.599 d/Serial: RX: :r11=49734.
14:34:29.599 d/Serial: TX: :r12=,⏎⏎
14:34:29.603 d/Serial: RX: :r12=47013.
14:34:29.603 d/Serial: TX: :w24=169083888127402,⏎⏎
14:34:29.607 d/Serial: RX: :ok
14:34:29.607 d/Serial: TX: :r11=,⏎⏎
14:34:29.611 d/Serial: RX: :r11=49728.
14:34:29.611 d/Serial: TX: :r12=,⏎⏎
14:34:29.615 d/Serial: RX: :r12=47013.
14:34:29.615 d/Serial: TX: :w24=169126159099432,⏎⏎
14:34:29.619 d/Serial: RX: :ok
14:34:29.619 d/Serial: TX: :r11=,⏎⏎
14:34:29.623 d/Serial: RX: :r11=49726.
14:34:29.623 d/Serial: TX: :r12=,⏎⏎
14:34:29.627 d/Serial: RX: :r12=47013.
14:34:29.627 d/Serial: TX: :w24=169168440639202,⏎⏎
14:34:29.631 d/Serial: RX: :ok
14:34:29.631 d/Serial: TX: :r11=,⏎⏎
14:34:29.635 d/Serial: RX: :r11=49730.
14:34:29.635 d/Serial: TX: :r12=,⏎⏎
14:34:29.639 d/Serial: RX: :r12=47015.
14:34:29.639 d/Serial: TX: :w24=169210732749362,⏎⏎
14:34:29.643 d/Serial: RX: :ok
14:34:29.643 d/Serial: TX: :r11=,⏎⏎
14:34:29.647 d/Serial: RX: :r11=49732.
14:34:29.647 d/Serial: TX: :r12=,⏎⏎
14:34:29.651 d/Serial: RX: :r12=47016.
14:34:29.651 d/Serial: TX: :w24=169253035432552,⏎⏎
14:34:29.655 d/Serial: RX: :ok
14:34:29.655 d/Serial: TX: :r11=,⏎⏎
14:34:29.659 d/Serial: RX: :r11=49721.
14:34:29.659 d/Serial: TX: :r12=,⏎⏎
14:34:29.663 d/Serial: RX: :r12=47015.
14:34:29.663 d/Serial: TX: :w24=169295348691412,⏎⏎
14:34:29.667 d/Serial: RX: :ok
14:34:29.667 d/Serial: TX: :r11=,⏎⏎
14:34:29.671 d/Serial: RX: :r11=49726.
14:34:29.671 d/Serial: TX: :r12=,⏎⏎
14:34:29.675 d/Serial: RX: :r12=47019.
14:34:29.675 d/Serial: TX: :w24=169337672528582,⏎⏎
14:34:29.679 d/Serial: RX: :ok
14:34:29.679 d/Serial: TX: :r11=,⏎⏎
14:34:29.683 d/Serial: RX: :r11=49730.
14:34:29.683 d/Serial: TX: :r12=,⏎⏎
14:34:29.688 d/Serial: RX: :r12=47019.
14:34:29.688 d/Serial: TX: :w24=169380006946722,⏎⏎
14:34:29.693 d/Serial: RX: :ok
14:34:29.693 d/Serial: TX: :r11=,⏎⏎
14:34:29.697 d/Serial: RX: :r11=49725.
14:34:29.697 d/Serial: TX: :r12=,⏎⏎
14:34:29.701 d/Serial: RX: :r12=47020.
14:34:29.701 d/Serial: TX: :w24=169422351948452,⏎⏎
14:34:29.705 d/Serial: RX: :ok
14:34:29.705 d/Serial: TX: :r11=,⏎⏎
14:34:29.709 d/Serial: RX: :r11=49730.
14:34:29.709 d/Serial: TX: :r12=,⏎⏎
14:34:29.713 d/Serial: RX: :r12=47020.
14:34:29.714 d/Serial: TX: :w24=169464707536442,⏎⏎
14:34:29.718 d/Serial: RX: :ok
14:34:29.719 d/Serial: TX: :r11=,⏎⏎
14:34:29.723 d/Serial: RX: :r11=49738.
14:34:29.723 d/Serial: TX: :r12=,⏎⏎
14:34:29.728 d/Serial: RX: :r12=47020.
14:34:29.729 d/Serial: TX: :w24=169507073713322,⏎⏎
14:34:29.733 d/Serial: RX: :ok
14:34:29.733 d/Serial: TX: :r11=,⏎⏎
14:34:29.737 d/Serial: RX: :r11=49731.
14:34:29.737 d/Serial: TX: :r12=,⏎⏎
14:34:29.741 d/Serial: RX: :r12=47025.
14:34:29.741 d/Serial: TX: :w24=169549450481752,⏎⏎
14:34:29.747 d/Serial: RX: :ok
14:34:29.748 d/Serial: TX: :r11=,⏎⏎
14:34:29.752 d/Serial: RX: :r11=49729.
14:34:29.752 d/Serial: TX: :r12=,⏎⏎
14:34:29.756 d/Serial: RX: :r12=47025.
14:34:29.758 d/Serial: TX: :w24=169591837844372,⏎⏎
14:34:29.763 d/Serial: RX: :ok
14:34:29.763 d/Serial: TX: :r11=,⏎⏎
14:34:29.768 d/Serial: RX: :r11=49729.
14:34:29.768 d/Serial: TX: :r12=,⏎⏎
14:34:29.772 d/Serial: RX: :r12=47025.
14:34:29.772 d/Serial: TX: :w24=169634235803832,⏎⏎
14:34:29.777 d/Serial: RX: :ok
14:34:29.777 d/Serial: TX: :r11=,⏎⏎
14:34:29.781 d/Serial: RX: :r11=49733.
14:34:29.781 d/Serial: TX: :r12=,⏎⏎
14:34:29.785 d/Serial: RX: :r12=47029.
14:34:29.786 d/Serial: TX: :w24=169676644362782,⏎⏎
14:34:29.790 d/Serial: RX: :ok
14:34:29.790 d/Serial: TX: :r11=,⏎⏎
14:34:29.794 d/Serial: RX: :r11=49733.
14:34:29.794 d/Serial: TX: :r12=,⏎⏎
14:34:29.798 d/Serial: RX: :r12=47032.
14:34:29.798 d/Serial: TX: :w24=169719063523872,⏎⏎
14:34:29.802 d/Serial: RX: :ok
14:34:29.802 d/Serial: TX: :r11=,⏎⏎
14:34:29.806 d/Serial: RX: :r11=49733.
14:34:29.806 d/Serial: TX: :r12=,⏎⏎
14:34:29.810 d/Serial: RX: :r12=47032.
14:34:29.810 d/Serial: TX: :w24=169761493289762,⏎⏎
14:34:29.814 d/Serial: RX: :ok
14:34:29.814 d/Serial: TX: :r11=,⏎⏎
14:34:29.818 d/Serial: RX: :r11=49733.
14:34:29.818 d/Serial: TX: :r12=,⏎⏎
14:34:29.822 d/Serial: RX: :r12=47037.
14:34:29.822 d/Serial: TX: :w24=169803933663082,⏎⏎
14:34:29.826 d/Serial: RX: :ok
14:34:29.826 d/Serial: TX: :r11=,⏎⏎
14:34:29.831 d/Serial: RX: :r11=49738.
14:34:29.831 d/Serial: TX: :r12=,⏎⏎
14:34:29.835 d/Serial: RX: :r12=47034.
14:34:29.835 d/Serial: TX: :w24=169846384646492,⏎⏎
14:34:29.839 d/Serial: RX: :ok
14:34:29.839 d/Serial: TX: :r11=,⏎⏎
14:34:29.843 d/Serial: RX: :r11=49733.
14:34:29.843 d/Serial: TX: :r12=,⏎⏎
14:34:29.847 d/Serial: RX: :r12=47034.
14:34:29.847 d/Serial: TX: :w24=169888846242662,⏎⏎
14:34:29.851 d/Serial: RX: :ok
14:34:29.851 d/Serial: TX: :r11=,⏎⏎
14:34:29.855 d/Serial: RX: :r11=49732.
14:34:29.855 d/Serial: TX: :r12=,⏎⏎
14:34:29.859 d/Serial: RX: :r12=47035.
14:34:29.859 d/Serial: TX: :w24=169931318454222,⏎⏎
14:34:29.863 d/Serial: RX: :ok
14:34:29.863 d/Serial: TX: :r11=,⏎⏎
14:34:29.867 d/Serial: RX: :r11=49731.
14:34:29.867 d/Serial: TX: :r12=,⏎⏎
14:34:29.871 d/Serial: RX: :r12=47037.
14:34:29.871 d/Serial: TX: :w24=169973801283832,⏎⏎
14:34:29.875 d/Serial: RX: :ok
14:34:29.875 d/Serial: TX: :r11=,⏎⏎
14:34:29.879 d/Serial: RX: :r11=49732.
14:34:29.879 d/Serial: TX: :r12=,⏎⏎
14:34:29.883 d/Serial: RX: :r12=47039.
14:34:29.884 d/Serial: TX: :w24=170016294734152,⏎⏎
14:34:29.888 d/Serial: RX: :ok
14:34:29.888 d/Serial: TX: :r11=,⏎⏎
14:34:29.892 d/Serial: RX: :r11=49734.
14:34:29.892 d/Serial: TX: :r12=,⏎⏎
14:34:29.896 d/Serial: RX: :r12=47042.
14:34:29.896 d/Serial: TX: :w24=170058798807832,⏎⏎
14:34:29.900 d/Serial: RX: :ok
14:34:29.900 d/Serial: TX: :r11=,⏎⏎
14:34:29.904 d/Serial: RX: :r11=49735.
14:34:29.904 d/Serial: TX: :r12=,⏎⏎
14:34:29.908 d/Serial: RX: :r12=47042.
14:34:29.908 d/Serial: TX: :w24=170101313507542,⏎⏎
14:34:29.913 d/Serial: RX: :ok
14:34:29.913 d/Serial: TX: :r11=,⏎⏎
14:34:29.917 d/Serial: RX: :r11=49735.
14:34:29.917 d/Serial: TX: :r12=,⏎⏎
14:34:29.924 d/Serial: RX: :r12=47041.
14:34:29.924 d/Serial: TX: :w24=170143838835912,⏎⏎
14:34:29.928 d/Serial: RX: :ok
14:34:29.928 d/Serial: TX: :r11=,⏎⏎
14:34:29.932 d/Serial: RX: :r11=49736.
14:34:29.932 d/Serial: TX: :r12=,⏎⏎
14:34:29.936 d/Serial: RX: :r12=47046.
14:34:29.937 d/Serial: TX: :w24=170186374795622,⏎⏎
14:34:29.941 d/Serial: RX: :ok
14:34:29.941 d/Serial: TX: :r11=,⏎⏎
14:34:29.945 d/Serial: RX: :r11=49733.
14:34:29.945 d/Serial: TX: :r12=,⏎⏎
14:34:29.950 d/Serial: RX: :r12=47047.
14:34:29.951 d/Serial: TX: :w24=170228921389322,⏎⏎
14:34:29.955 d/Serial: RX: :ok
14:34:29.955 d/Serial: TX: :r11=,⏎⏎
14:34:29.960 d/Serial: RX: :r11=49732.
14:34:29.960 d/Serial: TX: :r12=,⏎⏎
14:34:29.964 d/Serial: RX: :r12=47047.
14:34:29.965 d/Serial: TX: :w24=170271478619672,⏎⏎
14:34:29.969 d/Serial: RX: :ok
14:34:29.969 d/Serial: TX: :r11=,⏎⏎
14:34:29.973 d/Serial: RX: :r11=49741.
14:34:29.973 d/Serial: TX: :r12=,⏎⏎
14:34:29.977 d/Serial: RX: :r12=47048.
14:34:29.978 d/Serial: TX: :w24=170314046489322,⏎⏎
14:34:29.982 d/Serial: RX: :ok
14:34:29.982 d/Serial: TX: :r11=,⏎⏎
14:34:29.986 d/Serial: RX: :r11=49734.
14:34:29.986 d/Serial: TX: :r12=,⏎⏎
14:34:29.990 d/Serial: RX: :r12=47046.
14:34:29.990 d/Serial: TX: :w24=170356625000952,⏎⏎
14:34:29.995 d/Serial: RX: :ok
14:34:29.995 d/Serial: TX: :r11=,⏎⏎
14:34:29.999 d/Serial: RX: :r11=49728.
14:34:29.999 d/Serial: TX: :r12=,⏎⏎
14:34:30.003 d/Serial: RX: :r12=47046.
14:34:30.003 d/Serial: TX: :w24=170399214157202,⏎⏎
14:34:30.007 d/Serial: RX: :ok
14:34:30.007 d/Serial: TX: :r11=,⏎⏎
14:34:30.011 d/Serial: RX: :r11=49731.
14:34:30.011 d/Serial: TX: :r12=,⏎⏎
14:34:30.015 d/Serial: RX: :r12=47047.
14:34:30.015 d/Serial: TX: :w24=170441813960732,⏎⏎
14:34:30.019 d/Serial: RX: :ok
14:34:30.019 d/Serial: TX: :r11=,⏎⏎
14:34:30.023 d/Serial: RX: :r11=49737.
14:34:30.023 d/Serial: TX: :r12=,⏎⏎
14:34:30.027 d/Serial: RX: :r12=47049.
14:34:30.027 d/Serial: TX: :w24=170484424414232,⏎⏎
14:34:30.031 d/Serial: RX: :ok
14:34:30.031 d/Serial: TX: :r11=,⏎⏎
14:34:30.035 d/Serial: RX: :r11=49738.
14:34:30.035 d/Serial: TX: :r12=,⏎⏎
14:34:30.039 d/Serial: RX: :r12=47053.
14:34:30.039 d/Serial: TX: :w24=170527045520332,⏎⏎
14:34:30.043 d/Serial: RX: :ok
14:34:30.043 d/Serial: TX: :r11=,⏎⏎
14:34:30.047 d/Serial: RX: :r11=49741.
14:34:30.047 d/Serial: TX: :r12=,⏎⏎
14:34:30.051 d/Serial: RX: :r12=47053.
14:34:30.052 d/Serial: TX: :w24=170569677281712,⏎⏎
14:34:30.056 d/Serial: RX: :ok
14:34:30.056 d/Serial: TX: :r11=,⏎⏎
14:34:30.061 d/Serial: RX: :r11=49741.
14:34:30.061 d/Serial: TX: :r12=,⏎⏎
14:34:30.065 d/Serial: RX: :r12=47053.
14:34:30.065 d/Serial: TX: :w24=170612319701032,⏎⏎
14:34:30.069 d/Serial: RX: :ok
14:34:30.069 d/Serial: TX: :r11=,⏎⏎
14:34:30.073 d/Serial: RX: :r11=49733.
14:34:30.073 d/Serial: TX: :r12=,⏎⏎
14:34:30.077 d/Serial: RX: :r12=47054.
14:34:30.077 d/Serial: TX: :w24=170654972780952,⏎⏎
14:34:30.081 d/Serial: RX: :ok
14:34:30.081 d/Serial: TX: :r11=,⏎⏎
14:34:30.085 d/Serial: RX: :r11=49735.
14:34:30.085 d/Serial: TX: :r12=,⏎⏎
14:34:30.089 d/Serial: RX: :r12=47055.
14:34:30.089 d/Serial: TX: :w24=170697636524152,⏎⏎
14:34:30.093 d/Serial: RX: :ok
14:34:30.093 d/Serial: TX: :r11=,⏎⏎
14:34:30.097 d/Serial: RX: :r11=49735.
14:34:30.097 d/Serial: TX: :r12=,⏎⏎
14:34:30.102 d/Serial: RX: :r12=47057.
14:34:30.102 d/Serial: TX: :w24=170740310933282,⏎⏎
14:34:30.106 d/Serial: RX: :ok
14:34:30.106 d/Serial: TX: :r11=,⏎⏎
14:34:30.110 d/Serial: RX: :r11=49734.
14:34:30.110 d/Serial: TX: :r12=,⏎⏎
14:34:30.114 d/Serial: RX: :r12=47058.
14:34:30.114 d/Serial: TX: :w24=170782996011012,⏎⏎
14:34:30.118 d/Serial: RX: :ok
14:34:30.118 d/Serial: TX: :r11=,⏎⏎
14:34:30.122 d/Serial: RX: :r11=49737.
14:34:30.122 d/Serial: TX: :r12=,⏎⏎
14:34:30.126 d/Serial: RX: :r12=47058.
14:34:30.127 d/Serial: TX: :w24=170825691760022,⏎⏎
14:34:30.131 d/Serial: RX: :ok
14:34:30.131 d/Serial: TX: :r11=,⏎⏎
14:34:30.136 d/Serial: RX: :r11=49739.
14:34:30.136 d/Serial: TX: :r12=,⏎⏎
14:34:30.141 d/Serial: RX: :r12=47060.
14:34:30.142 d/Serial: TX: :w24=170868398182962,⏎⏎
14:34:30.146 d/Serial: RX: :ok
14:34:30.146 d/Serial: TX: :r11=,⏎⏎
14:34:30.150 d/Serial: RX: :r11=49740.
14:34:30.150 d/Serial: TX: :r12=,⏎⏎
14:34:30.154 d/Serial: RX: :r12=47062.
14:34:30.154 d/Serial: TX: :w24=170911115282502,⏎⏎
14:34:30.158 d/Serial: RX: :ok
14:34:30.158 d/Serial: TX: :r11=,⏎⏎
14:34:30.162 d/Serial: RX: :r11=49740.
14:34:30.162 d/Serial: TX: :r12=,⏎⏎
14:34:30.166 d/Serial: RX: :r12=47061.
14:34:30.166 d/Serial: TX: :w24=170953843061322,⏎⏎
14:34:30.170 d/Serial: RX: :ok
14:34:30.170 d/Serial: TX: :r11=,⏎⏎
14:34:30.174 d/Serial: RX: :r11=49743.
14:34:30.174 d/Serial: TX: :r12=,⏎⏎
14:34:30.178 d/Serial: RX: :r12=47063.
14:34:30.178 d/Serial: TX: :w24=170996581522092,⏎⏎
14:34:30.182 d/Serial: RX: :ok
14:34:30.182 d/Serial: TX: :r11=,⏎⏎
14:34:30.186 d/Serial: RX: :r11=49746.
14:34:30.186 d/Serial: TX: :r12=,⏎⏎
14:34:30.190 d/Serial: RX: :r12=47063.
14:34:30.190 d/Serial: TX: :w24=171039330667472,⏎⏎
14:34:30.194 d/Serial: RX: :ok
14:34:30.194 d/Serial: TX: :r11=,⏎⏎
14:34:30.198 d/Serial: RX: :r11=49739.
14:34:30.198 d/Serial: TX: :r12=,⏎⏎
14:34:30.207 d/Serial: RX: :r12=47063.
14:34:30.207 d/Serial: TX: :w24=171082090500142,⏎⏎
14:34:30.211 d/Serial: RX: :ok
14:34:30.211 d/Serial: TX: :r11=,⏎⏎
14:34:30.215 d/Serial: RX: :r11=49737.
14:34:30.215 d/Serial: TX: :r12=,⏎⏎
14:34:30.219 d/Serial: RX: :r12=47066.
14:34:30.219 d/Serial: TX: :w24=171124861022762,⏎⏎
14:34:30.223 d/Serial: RX: :ok
14:34:30.223 d/Serial: TX: :r11=,⏎⏎
14:34:30.227 d/Serial: RX: :r11=49739.
14:34:30.227 d/Serial: TX: :r12=,⏎⏎
14:34:30.231 d/Serial: RX: :r12=47070.
14:34:30.231 d/Serial: TX: :w24=171167642238022,⏎⏎
14:34:30.235 d/Serial: RX: :ok
14:34:30.235 d/Serial: TX: :r11=,⏎⏎
14:34:30.239 d/Serial: RX: :r11=49739.
14:34:30.239 d/Serial: TX: :r12=,⏎⏎
14:34:30.243 d/Serial: RX: :r12=47067.
14:34:30.243 d/Serial: TX: :w24=171210434148582,⏎⏎
14:34:30.247 d/Serial: RX: :ok
14:34:30.247 d/Serial: TX: :r11=,⏎⏎
14:34:30.251 d/Serial: RX: :r11=49739.
14:34:30.251 d/Serial: TX: :r12=,⏎⏎
14:34:30.255 d/Serial: RX: :r12=47073.
14:34:30.255 d/Serial: TX: :w24=171253236757112,⏎⏎
14:34:30.259 d/Serial: RX: :ok
14:34:30.259 d/Serial: TX: :r11=,⏎⏎
14:34:30.263 d/Serial: RX: :r11=49744.
14:34:30.263 d/Serial: TX: :r12=,⏎⏎
14:34:30.267 d/Serial: RX: :r12=47073.
14:34:30.267 d/Serial: TX: :w24=171296050066302,⏎⏎
14:34:30.271 d/Serial: RX: :ok
14:34:30.271 d/Serial: TX: :r11=,⏎⏎
14:34:30.275 d/Serial: RX: :r11=49737.
14:34:30.275 d/Serial: TX: :r12=,⏎⏎
14:34:30.279 d/Serial: RX: :r12=47076.
14:34:30.280 d/Serial: TX: :w24=171338874078822,⏎⏎
14:34:30.284 d/Serial: RX: :ok
14:34:30.284 d/Serial: TX: :r11=,⏎⏎
14:34:30.288 d/Serial: RX: :r11=49732.
14:34:30.288 d/Serial: TX: :r12=,⏎⏎
14:34:30.292 d/Serial: RX: :r12=47076.
14:34:30.292 d/Serial: TX: :w24=171381708797342,⏎⏎
14:34:30.296 d/Serial: RX: :ok
14:34:30.297 d/Serial: TX: :r11=,⏎⏎
14:34:30.301 d/Serial: RX: :r11=49737.
14:34:30.301 d/Serial: TX: :r12=,⏎⏎
14:34:30.305 d/Serial: RX: :r12=47077.
14:34:30.305 d/Serial: TX: :w24=171424554224542,⏎⏎
14:34:30.309 d/Serial: RX: :ok
14:34:30.309 d/Serial: TX: :r11=,⏎⏎
14:34:30.313 d/Serial: RX: :r11=49733.
14:34:30.313 d/Serial: TX: :r12=,⏎⏎
14:34:30.317 d/Serial: RX: :r12=47078.
14:34:30.317 d/Serial: TX: :w24=171467410363092,⏎⏎
14:34:30.321 d/Serial: RX: :ok
14:34:30.321 d/Serial: TX: :r11=,⏎⏎
14:34:30.325 d/Serial: RX: :r11=49735.
14:34:30.325 d/Serial: TX: :r12=,⏎⏎
14:34:30.329 d/Serial: RX: :r12=47079.
14:34:30.329 d/Serial: TX: :w24=171510277215682,⏎⏎
14:34:30.333 d/Serial: RX: :ok
14:34:30.333 d/Serial: TX: :r11=,⏎⏎
14:34:30.337 d/Serial: RX: :r11=49735.
14:34:30.337 d/Serial: TX: :r12=,⏎⏎
14:34:30.341 d/Serial: RX: :r12=47079.
14:34:30.341 d/Serial: TX: :w24=171553154784992,⏎⏎
14:34:30.345 d/Serial: RX: :ok
14:34:30.345 d/Serial: TX: :r11=,⏎⏎
14:34:30.349 d/Serial: RX: :r11=49740.
14:34:30.349 d/Serial: TX: :r12=,⏎⏎
14:34:30.353 d/Serial: RX: :r12=47081.
14:34:30.353 d/Serial: TX: :w24=171596043073692,⏎⏎
14:34:30.357 d/Serial: RX: :ok
14:34:30.358 d/Serial: TX: :r11=,⏎⏎
14:34:30.362 d/Serial: RX: :r11=49740.
14:34:30.362 d/Serial: TX: :r12=,⏎⏎
14:34:30.366 d/Serial: RX: :r12=47082.
14:34:30.367 d/Serial: TX: :w24=171638942084452,⏎⏎
14:34:30.374 d/Serial: RX: :ok
14:34:30.374 d/Serial: TX: :r11=,⏎⏎
14:34:30.379 d/Serial: RX: :r11=49742.
14:34:30.379 d/Serial: TX: :r12=,⏎⏎
14:34:30.383 d/Serial: RX: :r12=47084.
14:34:30.384 d/Serial: TX: :w24=171681851819972,⏎⏎
14:34:30.388 d/Serial: RX: :ok
14:34:30.388 d/Serial: TX: :r11=,⏎⏎
14:34:30.392 d/Serial: RX: :r11=49742.
14:34:30.392 d/Serial: TX: :r12=,⏎⏎
14:34:30.396 d/Serial: RX: :r12=47085.
14:34:30.396 d/Serial: TX: :w24=171724772282932,⏎⏎
14:34:30.400 d/Serial: RX: :ok
14:34:30.400 d/Serial: TX: :r11=,⏎⏎
14:34:30.404 d/Serial: RX: :r11=49744.
14:34:30.404 d/Serial: TX: :r12=,⏎⏎
14:34:30.408 d/Serial: RX: :r12=47086.
14:34:30.408 d/Serial: TX: :w24=171767703476002,⏎⏎
14:34:30.412 d/Serial: RX: :ok
14:34:30.412 d/Serial: TX: :r11=,⏎⏎
14:34:30.416 d/Serial: RX: :r11=49744.
14:34:30.416 d/Serial: TX: :r12=,⏎⏎
14:34:30.420 d/Serial: RX: :r12=47087.
14:34:30.420 d/Serial: TX: :w24=171810645401872,⏎⏎
14:34:30.424 d/Serial: RX: :ok
14:34:30.424 d/Serial: TX: :r11=,⏎⏎
14:34:30.429 d/Serial: RX: :r11=49746.
14:34:30.429 d/Serial: TX: :r12=,⏎⏎
14:34:30.434 d/Serial: RX: :r12=47088.
14:34:30.434 d/Serial: TX: :w24=171853598063222,⏎⏎
14:34:30.438 d/Serial: RX: :ok
14:34:30.438 d/Serial: TX: :r11=,⏎⏎
14:34:30.442 d/Serial: RX: :r11=49746.
14:34:30.442 d/Serial: TX: :r12=,⏎⏎
14:34:30.446 d/Serial: RX: :r12=47094.
14:34:30.446 d/Serial: TX: :w24=171896561462742,⏎⏎
14:34:30.450 d/Serial: RX: :ok
14:34:30.450 d/Serial: TX: :r11=,⏎⏎
14:34:30.457 d/Serial: RX: :r11=49745.
14:34:30.457 d/Serial: TX: :r12=,⏎⏎
14:34:30.462 d/Serial: RX: :r12=47094.
14:34:30.462 d/Serial: TX: :w24=171939535603102,⏎⏎
14:34:30.466 d/Serial: RX: :ok
14:34:30.466 d/Serial: TX: :r11=,⏎⏎
14:34:30.470 d/Serial: RX: :r11=49745.
14:34:30.470 d/Serial: TX: :r12=,⏎⏎
14:34:30.474 d/Serial: RX: :r12=47095.
14:34:30.474 d/Serial: TX: :w24=171982520487002,⏎⏎
14:34:30.478 d/Serial: RX: :ok
14:34:30.478 d/Serial: TX: :r11=,⏎⏎
14:34:30.483 d/Serial: RX: :r11=49747.
14:34:30.483 d/Serial: TX: :r12=,⏎⏎
14:34:30.487 d/Serial: RX: :r12=47098.
14:34:30.487 d/Serial: TX: :w24=172025516117122,⏎⏎
14:34:30.491 d/Serial: RX: :ok
14:34:30.491 d/Serial: TX: :r11=,⏎⏎
14:34:30.495 d/Serial: RX: :r11=49747.
14:34:30.495 d/Serial: TX: :r12=,⏎⏎
14:34:30.499 d/Serial: RX: :r12=47098.
14:34:30.499 d/Serial: TX: :w24=172068522496152,⏎⏎
14:34:30.503 d/Serial: RX: :ok
14:34:30.503 d/Serial: TX: :r11=,⏎⏎
14:34:30.507 d/Serial: RX: :r11=49737.
14:34:30.507 d/Serial: TX: :r12=,⏎⏎
14:34:30.511 d/Serial: RX: :r12=47098.
14:34:30.511 d/Serial: TX: :w24=172111539626782,⏎⏎
14:34:30.515 d/Serial: RX: :ok
14:34:30.515 d/Serial: TX: :r11=,⏎⏎
14:34:30.519 d/Serial: RX: :r11=49741.
14:34:30.519 d/Serial: TX: :r12=,⏎⏎
14:34:30.523 d/Serial: RX: :r12=47099.
14:34:30.523 d/Serial: TX: :w24=172154567511682,⏎⏎
14:34:30.527 d/Serial: RX: :ok
14:34:30.527 d/Serial: TX: :r11=,⏎⏎
14:34:30.531 d/Serial: RX: :r11=49745.
14:34:30.531 d/Serial: TX: :r12=,⏎⏎
14:34:30.535 d/Serial: RX: :r12=47103.
14:34:30.535 d/Serial: TX: :w24=172197606153562,⏎⏎
14:34:30.539 d/Serial: RX: :ok
14:34:30.539 d/Serial: TX: :r11=,⏎⏎
14:34:30.543 d/Serial: RX: :r11=49747.
14:34:30.543 d/Serial: TX: :r12=,⏎⏎
14:34:30.547 d/Serial: RX: :r12=47103.
14:34:30.547 d/Serial: TX: :w24=172240655555102,⏎⏎
14:34:30.551 d/Serial: RX: :ok
14:34:30.551 d/Serial: TX: :r11=,⏎⏎
14:34:30.555 d/Serial: RX: :r11=49740.
14:34:30.555 d/Serial: TX: :r12=,⏎⏎
14:34:30.559 d/Serial: RX: :r12=47102.
14:34:30.559 d/Serial: TX: :w24=172283715718992,⏎⏎
14:34:30.563 d/Serial: RX: :ok
14:34:30.563 d/Serial: TX: :r11=,⏎⏎
14:34:30.567 d/Serial: RX: :r11=49743.
14:34:30.567 d/Serial: TX: :r12=,⏎⏎
14:34:30.571 d/Serial: RX: :r12=47108.
14:34:30.571 d/Serial: TX: :w24=172326786647922,⏎⏎
14:34:30.575 d/Serial: RX: :ok
14:34:30.575 d/Serial: TX: :r11=,⏎⏎
14:34:30.579 d/Serial: RX: :r11=49741.
14:34:30.579 d/Serial: TX: :r12=,⏎⏎
14:34:30.583 d/Serial: RX: :r12=47108.
14:34:30.584 d/Serial: TX: :w24=172369868344582,⏎⏎
14:34:30.588 d/Serial: RX: :ok
14:34:30.588 d/Serial: TX: :r11=,⏎⏎
14:34:30.592 d/Serial: RX: :r11=49742.
14:34:30.593 d/Serial: TX: :r12=,⏎⏎
14:34:30.597 d/Serial: RX: :r12=47110.
14:34:30.597 d/Serial: TX: :w24=172412960811672,⏎⏎
14:34:30.607 d/Serial: RX: :ok
14:34:30.607 d/Serial: TX: :r11=,⏎⏎
14:34:30.611 d/Serial: RX: :r11=49739.
14:34:30.611 d/Serial: TX: :r12=,⏎⏎
14:34:30.615 d/Serial: RX: :r12=47112.
14:34:30.615 d/Serial: TX: :w24=172456064051872,⏎⏎
14:34:30.619 d/Serial: RX: :ok
14:34:30.619 d/Serial: TX: :r11=,⏎⏎
14:34:30.624 d/Serial: RX: :r11=49737.
14:34:30.624 d/Serial: TX: :r12=,⏎⏎
14:34:30.628 d/Serial: RX: :r12=47114.
14:34:30.628 d/Serial: TX: :w24=172499178067882,⏎⏎
14:34:30.632 d/Serial: RX: :ok
14:34:30.632 d/Serial: TX: :r11=,⏎⏎
14:34:30.636 d/Serial: RX: :r11=49741.
14:34:30.636 d/Serial: TX: :r12=,⏎⏎
14:34:30.640 d/Serial: RX: :r12=47116.
14:34:30.640 d/Serial: TX: :w24=172542302862402,⏎⏎
14:34:30.644 d/Serial: RX: :ok
14:34:30.644 d/Serial: TX: :r11=,⏎⏎
14:34:30.648 d/Serial: RX: :r11=49741.
14:34:30.648 d/Serial: TX: :r12=,⏎⏎
14:34:30.652 d/Serial: RX: :r12=47116.
14:34:30.652 d/Serial: TX: :w24=172585438438122,⏎⏎
14:34:30.656 d/Serial: RX: :ok
14:34:30.656 d/Serial: TX: :r11=,⏎⏎
14:34:30.660 d/Serial: RX: :r11=49745.
14:34:30.660 d/Serial: TX: :r12=,⏎⏎
14:34:30.665 d/Serial: RX: :r12=47118.
14:34:30.666 d/Serial: TX: :w24=172628584797722,⏎⏎
14:34:30.670 d/Serial: RX: :ok
14:34:30.670 d/Serial: TX: :r11=,⏎⏎
14:34:30.674 d/Serial: RX: :r11=49748.
14:34:30.674 d/Serial: TX: :r12=,⏎⏎
14:34:30.678 d/Serial: RX: :r12=47121.
14:34:30.678 d/Serial: TX: :w24=172671741943922,⏎⏎
14:34:30.682 d/Serial: RX: :ok
14:34:30.682 d/Serial: TX: :r11=,⏎⏎
14:34:30.686 d/Serial: RX: :r11=49747.
14:34:30.686 d/Serial: TX: :r12=,⏎⏎
14:34:30.690 d/Serial: RX: :r12=47121.
14:34:30.690 d/Serial: TX: :w24=172714909879412,⏎⏎
14:34:30.694 d/Serial: RX: :ok
14:34:30.694 d/Serial: TX: :r11=,⏎⏎
14:34:30.698 d/Serial: RX: :r11=49750.
14:34:30.698 d/Serial: TX: :r12=,⏎⏎
14:34:30.702 d/Serial: RX: :r12=47124.
14:34:30.702 d/Serial: TX: :w24=172758088606882,⏎⏎
14:34:30.706 d/Serial: RX: :ok
14:34:30.706 d/Serial: TX: :r11=,⏎⏎
14:34:30.711 d/Serial: RX: :r11=49752.
14:34:30.711 d/Serial: TX: :r12=,⏎⏎
14:34:30.715 d/Serial: RX: :r12=47125.
14:34:30.715 d/Serial: TX: :w24=172801278129032,⏎⏎
14:34:30.719 d/Serial: RX: :ok
14:34:30.719 d/Serial: TX: :r11=,⏎⏎
14:34:30.723 d/Serial: RX: :r11=49752.
14:34:30.723 d/Serial: TX: :r12=,⏎⏎
14:34:30.727 d/Serial: RX: :r12=47128.
14:34:30.727 d/Serial: TX: :w24=172844478448562,⏎⏎
14:34:30.731 d/Serial: RX: :ok
14:34:30.731 d/Serial: TX: :r11=,⏎⏎
14:34:30.735 d/Serial: RX: :r11=49754.
14:34:30.735 d/Serial: TX: :r12=,⏎⏎
14:34:30.739 d/Serial: RX: :r12=47131.
14:34:30.739 d/Serial: TX: :w24=172887689568182,⏎⏎
14:34:30.743 d/Serial: RX: :ok
14:34:30.743 d/Serial: TX: :r11=,⏎⏎
14:34:30.747 d/Serial: RX: :r11=49750.
14:34:30.747 d/Serial: TX: :r12=,⏎⏎
14:34:30.751 d/Serial: RX: :r12=47129.
14:34:30.752 d/Serial: TX: :w24=172930911490572,⏎⏎
14:34:30.756 d/Serial: RX: :ok
14:34:30.756 d/Serial: TX: :r11=,⏎⏎
14:34:30.761 d/Serial: RX: :r11=49750.
14:34:30.761 d/Serial: TX: :r12=,⏎⏎
14:34:30.765 d/Serial: RX: :r12=47131.
14:34:30.765 d/Serial: TX: :w24=172974144218442,⏎⏎
14:34:30.769 d/Serial: RX: :ok
14:34:30.769 d/Serial: TX: :r11=,⏎⏎
14:34:30.773 d/Serial: RX: :r11=49751.
14:34:30.773 d/Serial: TX: :r12=,⏎⏎
14:34:30.777 d/Serial: RX: :r12=47135.
14:34:30.777 d/Serial: TX: :w24=173017387754502,⏎⏎
14:34:30.781 d/Serial: RX: :ok
14:34:30.781 d/Serial: TX: :r11=,⏎⏎
14:34:30.785 d/Serial: RX: :r11=49756.
14:34:30.785 d/Serial: TX: :r12=,⏎⏎
14:34:30.789 d/Serial: RX: :r12=47140.
14:34:30.789 d/Serial: TX: :w24=173060642101432,⏎⏎
14:34:30.794 d/Serial: RX: :ok
14:34:30.794 d/Serial: TX: :r11=,⏎⏎
14:34:30.798 d/Serial: RX: :r11=49756.
14:34:30.798 d/Serial: TX: :r12=,⏎⏎
14:34:30.803 d/Serial: RX: :r12=47144.
14:34:30.804 d/Serial: TX: :w24=173103907261962,⏎⏎
14:34:30.808 d/Serial: RX: :ok
14:34:30.808 d/Serial: TX: :r11=,⏎⏎
14:34:30.814 d/Serial: RX: :r11=49756.
14:34:30.814 d/Serial: TX: :r12=,⏎⏎
14:34:30.819 d/Serial: RX: :r12=47142.
14:34:30.820 d/Serial: TX: :w24=173147183238782,⏎⏎
14:34:30.824 d/Serial: RX: :ok
14:34:30.824 d/Serial: TX: :r11=,⏎⏎
14:34:30.829 d/Serial: RX: :r11=49745.
14:34:30.829 d/Serial: TX: :r12=,⏎⏎
14:34:30.834 d/Serial: RX: :r12=47146.
14:34:30.835 d/Serial: TX: :w24=173190470034582,⏎⏎
14:34:30.839 d/Serial: RX: :ok
14:34:30.839 d/Serial: TX: :r11=,⏎⏎
14:34:30.843 d/Serial: RX: :r11=49754.
14:34:30.843 d/Serial: TX: :r12=,⏎⏎
14:34:30.847 d/Serial: RX: :r12=47148.
14:34:30.847 d/Serial: TX: :w24=173233767652092,⏎⏎
14:34:30.851 d/Serial: RX: :ok
14:34:30.851 d/Serial: TX: :r11=,⏎⏎
14:34:30.855 d/Serial: RX: :r11=49753.
14:34:30.855 d/Serial: TX: :r12=,⏎⏎
14:34:30.859 d/Serial: RX: :r12=47148.
14:34:30.860 d/Serial: TX: :w24=173277076094012,⏎⏎
14:34:30.864 d/Serial: RX: :ok
14:34:30.864 d/Serial: TX: :r11=,⏎⏎
14:34:30.868 d/Serial: RX: :r11=49755.
14:34:30.869 d/Serial: TX: :r12=,⏎⏎
14:34:30.873 d/Serial: RX: :r12=47151.
14:34:30.873 d/Serial: TX: :w24=173320395363032,⏎⏎
14:34:30.877 d/Serial: RX: :ok
14:34:30.877 d/Serial: TX: :r11=,⏎⏎
14:34:30.881 d/Serial: RX: :r11=49757.
14:34:30.881 d/Serial: TX: :r12=,⏎⏎
14:34:30.885 d/Serial: RX: :r12=47152.
14:34:30.885 d/Serial: TX: :w24=173363725461872,⏎⏎
14:34:30.889 d/Serial: RX: :ok
14:34:30.889 d/Serial: TX: :r11=,⏎⏎
14:34:30.893 d/Serial: RX: :r11=49749.
14:34:30.893 d/Serial: TX: :r12=,⏎⏎
14:34:30.897 d/Serial: RX: :r12=47156.
14:34:30.898 d/Serial: TX: :w24=173407066393242,⏎⏎
14:34:30.901 d/Serial: RX: :ok
14:34:30.901 d/Serial: TX: :r11=,⏎⏎
14:34:30.906 d/Serial: RX: :r11=49749.
14:34:30.906 d/Serial: TX: :r12=,⏎⏎
14:34:30.910 d/Serial: RX: :r12=47160.
14:34:30.910 d/Serial: TX: :w24=173450418159832,⏎⏎
14:34:30.916 d/Serial: RX: :ok
14:34:30.916 d/Serial: TX: :r11=,⏎⏎
14:34:30.922 d/Serial: RX: :r11=49758.
14:34:30.922 d/Serial: TX: :r12=,⏎⏎
14:34:30.927 d/Serial: RX: :r12=47160.
14:34:30.929 d/Serial: TX: :w24=173493780764372,⏎⏎
14:34:30.933 d/Serial: RX: :ok
14:34:30.934 d/Serial: TX: :r11=,⏎⏎
14:34:30.940 w/Hunt: Cancel requested — running safety stop
14:34:30.941 d/Serial: TX: :w610⏎⏎
14:34:32.179 e/Serial: readLine failed: USB get_status request failed